Archive member included because of file (symbol)

d:/programs/simplicitystudio/developer/toolchains/gnu_arm/4.8_2013q4/bin/../lib/gcc/arm-none-eabi/4.8.3/armv7-m\libgcc.a(unwind-arm.o)
                              ./src/gpio.o (__aeabi_unwind_cpp_pr0)
d:/programs/simplicitystudio/developer/toolchains/gnu_arm/4.8_2013q4/bin/../lib/gcc/arm-none-eabi/4.8.3/armv7-m\libgcc.a(libunwind.o)
                              d:/programs/simplicitystudio/developer/toolchains/gnu_arm/4.8_2013q4/bin/../lib/gcc/arm-none-eabi/4.8.3/armv7-m\libgcc.a(unwind-arm.o) (restore_core_regs)
d:/programs/simplicitystudio/developer/toolchains/gnu_arm/4.8_2013q4/bin/../lib/gcc/arm-none-eabi/4.8.3/armv7-m\libgcc.a(pr-support.o)
                              d:/programs/simplicitystudio/developer/toolchains/gnu_arm/4.8_2013q4/bin/../lib/gcc/arm-none-eabi/4.8.3/armv7-m\libgcc.a(unwind-arm.o) (__gnu_unwind_execute)
d:/programs/simplicitystudio/developer/toolchains/gnu_arm/4.8_2013q4/bin/../lib/gcc/arm-none-eabi/4.8.3/../../../../arm-none-eabi/lib/armv7-m\libstdc++_s.a(eh_arm.o)
                              ./src/leTimer.o (__cxa_end_cleanup)
d:/programs/simplicitystudio/developer/toolchains/gnu_arm/4.8_2013q4/bin/../lib/gcc/arm-none-eabi/4.8.3/../../../../arm-none-eabi/lib/armv7-m\libstdc++_s.a(eh_globals.o)
                              d:/programs/simplicitystudio/developer/toolchains/gnu_arm/4.8_2013q4/bin/../lib/gcc/arm-none-eabi/4.8.3/../../../../arm-none-eabi/lib/armv7-m\libstdc++_s.a(eh_arm.o) (__cxa_get_globals)
d:/programs/simplicitystudio/developer/toolchains/gnu_arm/4.8_2013q4/bin/../lib/gcc/arm-none-eabi/4.8.3/../../../../arm-none-eabi/lib/armv7-m\libstdc++_s.a(eh_exception.o)
                              d:/programs/simplicitystudio/developer/toolchains/gnu_arm/4.8_2013q4/bin/../lib/gcc/arm-none-eabi/4.8.3/../../../../arm-none-eabi/lib/armv7-m\libstdc++_s.a(eh_arm.o) (typeinfo for __cxxabiv1::__forced_unwind)
d:/programs/simplicitystudio/developer/toolchains/gnu_arm/4.8_2013q4/bin/../lib/gcc/arm-none-eabi/4.8.3/../../../../arm-none-eabi/lib/armv7-m\libstdc++_s.a(del_op.o)
                              d:/programs/simplicitystudio/developer/toolchains/gnu_arm/4.8_2013q4/bin/../lib/gcc/arm-none-eabi/4.8.3/../../../../arm-none-eabi/lib/armv7-m\libstdc++_s.a(eh_exception.o) (operator delete(void*))
d:/programs/simplicitystudio/developer/toolchains/gnu_arm/4.8_2013q4/bin/../lib/gcc/arm-none-eabi/4.8.3/../../../../arm-none-eabi/lib/armv7-m\libstdc++_s.a(class_type_info.o)
                              d:/programs/simplicitystudio/developer/toolchains/gnu_arm/4.8_2013q4/bin/../lib/gcc/arm-none-eabi/4.8.3/../../../../arm-none-eabi/lib/armv7-m\libstdc++_s.a(eh_exception.o) (vtable for __cxxabiv1::__class_type_info)
d:/programs/simplicitystudio/developer/toolchains/gnu_arm/4.8_2013q4/bin/../lib/gcc/arm-none-eabi/4.8.3/../../../../arm-none-eabi/lib/armv7-m\libstdc++_s.a(eh_personality.o)
                              ./src/leTimer.o (__gxx_personality_v0)
d:/programs/simplicitystudio/developer/toolchains/gnu_arm/4.8_2013q4/bin/../lib/gcc/arm-none-eabi/4.8.3/../../../../arm-none-eabi/lib/armv7-m\libstdc++_s.a(eh_terminate.o)
                              d:/programs/simplicitystudio/developer/toolchains/gnu_arm/4.8_2013q4/bin/../lib/gcc/arm-none-eabi/4.8.3/../../../../arm-none-eabi/lib/armv7-m\libstdc++_s.a(eh_arm.o) (std::terminate())
d:/programs/simplicitystudio/developer/toolchains/gnu_arm/4.8_2013q4/bin/../lib/gcc/arm-none-eabi/4.8.3/../../../../arm-none-eabi/lib/armv7-m\libstdc++_s.a(tinfo.o)
                              d:/programs/simplicitystudio/developer/toolchains/gnu_arm/4.8_2013q4/bin/../lib/gcc/arm-none-eabi/4.8.3/../../../../arm-none-eabi/lib/armv7-m\libstdc++_s.a(class_type_info.o) (std::type_info::~type_info())
d:/programs/simplicitystudio/developer/toolchains/gnu_arm/4.8_2013q4/bin/../lib/gcc/arm-none-eabi/4.8.3/../../../../arm-none-eabi/lib/armv7-m\libstdc++_s.a(eh_unex_handler.o)
                              d:/programs/simplicitystudio/developer/toolchains/gnu_arm/4.8_2013q4/bin/../lib/gcc/arm-none-eabi/4.8.3/../../../../arm-none-eabi/lib/armv7-m\libstdc++_s.a(eh_terminate.o) (__cxxabiv1::__unexpected_handler)
d:/programs/simplicitystudio/developer/toolchains/gnu_arm/4.8_2013q4/bin/../lib/gcc/arm-none-eabi/4.8.3/../../../../arm-none-eabi/lib/armv7-m\libstdc++_s.a(si_class_type_info.o)
                              d:/programs/simplicitystudio/developer/toolchains/gnu_arm/4.8_2013q4/bin/../lib/gcc/arm-none-eabi/4.8.3/../../../../arm-none-eabi/lib/armv7-m\libstdc++_s.a(eh_exception.o) (vtable for __cxxabiv1::__si_class_type_info)
d:/programs/simplicitystudio/developer/toolchains/gnu_arm/4.8_2013q4/bin/../lib/gcc/arm-none-eabi/4.8.3/../../../../arm-none-eabi/lib/armv7-m\libstdc++_s.a(eh_call.o)
                              d:/programs/simplicitystudio/developer/toolchains/gnu_arm/4.8_2013q4/bin/../lib/gcc/arm-none-eabi/4.8.3/../../../../arm-none-eabi/lib/armv7-m\libstdc++_s.a(eh_personality.o) (__cxa_call_terminate)
[...]
Memory Configuration

Name             Origin             Length             Attributes
FLASH            0x00000000         0x00100000         xr
RAM              0x20000000         0x00020000         xrw
*default*        0x00000000         0xffffffff

Linker script and memory map

LOAD d:/programs/simplicitystudio/developer/toolchains/gnu_arm/4.8_2013q4/bin/../lib/gcc/arm-none-eabi/4.8.3/armv7-m/crti.o
LOAD d:/programs/simplicitystudio/developer/toolchains/gnu_arm/4.8_2013q4/bin/../lib/gcc/arm-none-eabi/4.8.3/armv7-m/crtbegin.o
LOAD d:/programs/simplicitystudio/developer/toolchains/gnu_arm/4.8_2013q4/bin/../lib/gcc/arm-none-eabi/4.8.3/../../../../arm-none-eabi/lib/armv7-m/crt0.o
LOAD ./src/gpio.o
LOAD ./src/interruptHandlers.o
LOAD ./src/leTimer.o
LOAD ./src/main.o
LOAD ./src/rtc.o
LOAD ./emlib/em_cmu.o
LOAD ./emlib/em_emu.o
LOAD ./emlib/em_gpio.o
LOAD ./emlib/em_lcd.o
LOAD ./emlib/em_letimer.o
LOAD ./emlib/em_rtc.o
LOAD ./emlib/em_system.o
LOAD ./Drivers/segmentlcd.o
LOAD ./CMSIS/efm32gg/startup_efm32gg.o
LOAD ./CMSIS/efm32gg/system_efm32gg.o
START GROUP
LOAD d:/programs/simplicitystudio/developer/toolchains/gnu_arm/4.8_2013q4/bin/../lib/gcc/arm-none-eabi/4.8.3/armv7-m\libgcc.a
LOAD d:/programs/simplicitystudio/developer/toolchains/gnu_arm/4.8_2013q4/bin/../lib/gcc/arm-none-eabi/4.8.3/../../../../arm-none-eabi/lib/armv7-m\libnosys.a
END GROUP
LOAD d:/programs/simplicitystudio/developer/toolchains/gnu_arm/4.8_2013q4/bin/../lib/gcc/arm-none-eabi/4.8.3/../../../../arm-none-eabi/lib/armv7-m\libstdc++_s.a
LOAD d:/programs/simplicitystudio/developer/toolchains/gnu_arm/4.8_2013q4/bin/../lib/gcc/arm-none-eabi/4.8.3/../../../../arm-none-eabi/lib/armv7-m\libm.a
LOAD d:/programs/simplicitystudio/developer/toolchains/gnu_arm/4.8_2013q4/bin/../lib/gcc/arm-none-eabi/4.8.3/../../../../arm-none-eabi/lib/armv7-m\libc_s.a
START GROUP
LOAD d:/programs/simplicitystudio/developer/toolchains/gnu_arm/4.8_2013q4/bin/../lib/gcc/arm-none-eabi/4.8.3/armv7-m\libgcc.a
LOAD d:/programs/simplicitystudio/developer/toolchains/gnu_arm/4.8_2013q4/bin/../lib/gcc/arm-none-eabi/4.8.3/../../../../arm-none-eabi/lib/armv7-m\libg_s.a
LOAD d:/programs/simplicitystudio/developer/toolchains/gnu_arm/4.8_2013q4/bin/../lib/gcc/arm-none-eabi/4.8.3/../../../../arm-none-eabi/lib/armv7-m\libc_s.a
END GROUP
START GROUP
LOAD d:/programs/simplicitystudio/developer/toolchains/gnu_arm/4.8_2013q4/bin/../lib/gcc/arm-none-eabi/4.8.3/armv7-m\libgcc.a
LOAD d:/programs/simplicitystudio/developer/toolchains/gnu_arm/4.8_2013q4/bin/../lib/gcc/arm-none-eabi/4.8.3/../../../../arm-none-eabi/lib/armv7-m\libc_s.a
LOAD d:/programs/simplicitystudio/developer/toolchains/gnu_arm/4.8_2013q4/bin/../lib/gcc/arm-none-eabi/4.8.3/../../../../arm-none-eabi/lib/armv7-m\libnosys.a
END GROUP
START GROUP
LOAD d:/programs/simplicitystudio/developer/toolchains/gnu_arm/4.8_2013q4/bin/../lib/gcc/arm-none-eabi/4.8.3/armv7-m\libgcc.a
LOAD d:/programs/simplicitystudio/developer/toolchains/gnu_arm/4.8_2013q4/bin/../lib/gcc/arm-none-eabi/4.8.3/../../../../arm-none-eabi/lib/armv7-m\libc_s.a
LOAD d:/programs/simplicitystudio/developer/toolchains/gnu_arm/4.8_2013q4/bin/../lib/gcc/arm-none-eabi/4.8.3/../../../../arm-none-eabi/lib/armv7-m\libnosys.a
END GROUP
LOAD d:/programs/simplicitystudio/developer/toolchains/gnu_arm/4.8_2013q4/bin/../lib/gcc/arm-none-eabi/4.8.3/armv7-m/crtend.o
LOAD d:/programs/simplicitystudio/developer/toolchains/gnu_arm/4.8_2013q4/bin/../lib/gcc/arm-none-eabi/4.8.3/armv7-m/crtn.o

.text           0x00000000     0xbe70
 *(.vectors)
 .vectors       0x00000000       0xdc ./CMSIS/efm32gg/startup_efm32gg.o
                0x00000000                __Vectors
                0x000000dc                __Vectors_End = .
                0x000000dc                __Vectors_Size = (__Vectors_End - __Vectors)
                0x000000dc                __end__ = .
 *(.text*)
 .text          0x000000dc       0x54 d:/programs/simplicitystudio/developer/toolchains/gnu_arm/4.8_2013q4/bin/../lib/gcc/arm-none-eabi/4.8.3/armv7-m/crtbegin.o
 .text          0x00000130       0x74 d:/programs/simplicitystudio/developer/toolchains/gnu_arm/4.8_2013q4/bin/../lib/gcc/arm-none-eabi/4.8.3/../../../../arm-none-eabi/lib/armv7-m/crt0.o
                0x00000130                _start
                0x00000130                _mainCRTStartup
 .text.NVIC_EnableIRQ
                0x000001a4       0x30 ./src/gpio.o
 .text.NVIC_ClearPendingIRQ
                0x000001d4       0x34 ./src/gpio.o
 .text.GPIO_PinOutSet
                0x00000208       0x38 ./src/gpio.o
 .text._Z9gpioSetupv
                0x00000240       0x54 ./src/gpio.o
                0x00000240                gpioSetup()
 .text.RTC_IntClear
                0x00000294       0x1c ./src/interruptHandlers.o
 .text.LETIMER_IntClear
                0x000002b0       0x1c ./src/interruptHandlers.o
 .text.GPIO_PinOutToggle
                0x000002cc       0x38 ./src/interruptHandlers.o
 .text.RTC_IRQHandler
                0x00000304       0x14 ./src/interruptHandlers.o
                0x00000304                RTC_IRQHandler
 .text.LETIMER0_IRQHandler
                0x00000318       0x44 ./src/interruptHandlers.o
                0x00000318                LETIMER0_IRQHandler
 .text.GPIO_EVEN_IRQHandler
                0x0000035c        0xc ./src/interruptHandlers.o
                0x0000035c                GPIO_EVEN_IRQHandler
 .text.NVIC_EnableIRQ
                0x00000368       0x30 ./src/leTimer.o
 .text.LETIMER_IntEnable
                0x00000398       0x20 ./src/leTimer.o
 .text._Z12leTimerSetupv
                0x000003b8       0x80 ./src/leTimer.o
                0x000003b8                leTimerSetup()
 .text.CHIP_Init
                0x00000438       0x48 ./src/main.o
 .text.main     0x00000480       0x24 ./src/main.o
                0x00000480                main
 .text.NVIC_EnableIRQ
                0x000004a4       0x30 ./src/rtc.o
 .text.RTC_IntEnable
                0x000004d4       0x24 ./src/rtc.o
 .text._Z8rtcSetupv
                0x000004f8       0x80 ./src/rtc.o
                0x000004f8                rtcSetup()
 .text.BUS_RegBitWrite
                0x00000578       0x2c ./emlib/em_cmu.o
 .text.BUS_RegBitRead
                0x000005a4       0x2c ./emlib/em_cmu.o
 .text.CMU_DivToLog2
                0x000005d0       0x3c ./emlib/em_cmu.o
 .text.SYSTEM_GetFamily
                0x0000060c       0x20 ./emlib/em_cmu.o
 .text.auxClkGet
                0x0000062c       0x8c ./emlib/em_cmu.o
 .text.dbgClkGet
                0x000006b8       0x58 ./emlib/em_cmu.o
 .text.flashWaitStateControl
                0x00000710       0xb8 ./emlib/em_cmu.o
 .text.flashWaitStateMax
                0x000007c8       0x14 ./emlib/em_cmu.o
 .text.lfClkGet
                0x000007dc      0x104 ./emlib/em_cmu.o
 .text.maxFreqHfle
                0x000008e0       0x74 ./emlib/em_cmu.o
 .text.syncReg  0x00000954       0x34 ./emlib/em_cmu.o
 .text.usbCClkGet
                0x00000988       0x4c ./emlib/em_cmu.o
 .text.CMU_ClockDivSet
                0x000009d4      0x250 ./emlib/em_cmu.o
                0x000009d4                CMU_ClockDivSet
 .text.CMU_ClockEnable
                0x00000c24       0xf0 ./emlib/em_cmu.o
                0x00000c24                CMU_ClockEnable
 .text.CMU_ClockFreqGet
                0x00000d14      0x200 ./emlib/em_cmu.o
                0x00000d14                CMU_ClockFreqGet
 .text.CMU_ClockSelectGet
                0x00000f14      0x160 ./emlib/em_cmu.o
                0x00000f14                CMU_ClockSelectGet
 .text.CMU_ClockSelectSet
                0x00001074      0x2a4 ./emlib/em_cmu.o
                0x00001074                CMU_ClockSelectSet
 .text.CMU_LCDClkFDIVSet
                0x00001318       0x3c ./emlib/em_cmu.o
                0x00001318                CMU_LCDClkFDIVSet
 .text.CMU_OscillatorEnable
                0x00001354       0xc4 ./emlib/em_cmu.o
                0x00001354                CMU_OscillatorEnable
 .text.SystemCoreClockUpdate
                0x00001418        0xc ./emlib/em_emu.o
 .text.CMU_Lock
                0x00001424       0x18 ./emlib/em_emu.o
 .text.CMU_Unlock
                0x0000143c       0x1c ./emlib/em_emu.o
 .text.emuRestore
                0x00001458       0xf0 ./emlib/em_emu.o
 .text.getErrataFixEmuE107En
                0x00001548       0x68 ./emlib/em_emu.o
 .text.EMU_EnterEM2
                0x000015b0       0x9c ./emlib/em_emu.o
                0x000015b0                EMU_EnterEM2
 .text.EMU_UpdateOscConfig
                0x0000164c       0x1c ./emlib/em_emu.o
                0x0000164c                EMU_UpdateOscConfig
 .text.BUS_RegBitWrite
                0x00001668       0x2c ./emlib/em_gpio.o
 .text.BUS_RegMaskedWrite
                0x00001694       0x28 ./emlib/em_gpio.o
 .text.GPIO_PinOutClear
                0x000016bc       0x58 ./emlib/em_gpio.o
 .text.GPIO_PinOutSet
                0x00001714       0x58 ./emlib/em_gpio.o
 .text.GPIO_IntConfig
                0x0000176c       0xd0 ./emlib/em_gpio.o
                0x0000176c                GPIO_IntConfig
 .text.GPIO_PinModeSet
                0x0000183c       0xf4 ./emlib/em_gpio.o
                0x0000183c                GPIO_PinModeSet
 .text.LCD_Enable
                0x00001930       0x38 ./emlib/em_lcd.o
 .text.BUS_RegBitWrite
                0x00001968       0x2c ./emlib/em_lcd.o
 .text.LCD_Init
                0x00001994       0x70 ./emlib/em_lcd.o
                0x00001994                LCD_Init
 .text.LCD_VLCDSelect
                0x00001a04       0x44 ./emlib/em_lcd.o
                0x00001a04                LCD_VLCDSelect
 .text.LCD_SegmentRangeEnable
                0x00001a48       0x40 ./emlib/em_lcd.o
                0x00001a48                LCD_SegmentRangeEnable
 .text.LCD_SegmentSet
                0x00001a88      0x1e4 ./emlib/em_lcd.o
                0x00001a88                LCD_SegmentSet
 .text.LCD_SegmentSetLow
                0x00001c6c      0x17c ./emlib/em_lcd.o
                0x00001c6c                LCD_SegmentSetLow
 .text.LCD_SegmentSetHigh
                0x00001de8      0x17c ./emlib/em_lcd.o
                0x00001de8                LCD_SegmentSetHigh
 .text.LCD_VBoostSet
                0x00001f64       0x28 ./emlib/em_lcd.o
                0x00001f64                LCD_VBoostSet
 .text.LETIMER_CompareSet
                0x00001f8c       0x58 ./emlib/em_letimer.o
                0x00001f8c                LETIMER_CompareSet
 .text.LETIMER_Enable
                0x00001fe4       0x2c ./emlib/em_letimer.o
                0x00001fe4                LETIMER_Enable
 .text.LETIMER_Init
                0x00002010       0xec ./emlib/em_letimer.o
                0x00002010                LETIMER_Init
 .text.BUS_RegBitWrite
                0x000020fc       0x2c ./emlib/em_rtc.o
 .text.RTC_CompareSet
                0x00002128       0x4c ./emlib/em_rtc.o
                0x00002128                RTC_CompareSet
 .text.RTC_Enable
                0x00002174       0x20 ./emlib/em_rtc.o
                0x00002174                RTC_Enable
 .text.RTC_Init
                0x00002194       0x50 ./emlib/em_rtc.o
                0x00002194                RTC_Init
 .text.SYSTEM_ChipRevisionGet
                0x000021e4       0x74 ./emlib/em_system.o
                0x000021e4                SYSTEM_ChipRevisionGet
 .text.LCD_FreezeEnable
                0x00002258       0x2c ./Drivers/segmentlcd.o
 .text.LCD_SyncBusyDelay
                0x00002284       0x24 ./Drivers/segmentlcd.o
 .text.LCD_IntDisable
                0x000022a8       0x24 ./Drivers/segmentlcd.o
 .text.SegmentLCD_AllOff
                0x000022cc       0xac ./Drivers/segmentlcd.o
                0x000022cc                SegmentLCD_AllOff
 .text.SegmentLCD_AlphaNumberOff
                0x00002378       0xa8 ./Drivers/segmentlcd.o
                0x00002378                SegmentLCD_AlphaNumberOff
 .text.SegmentLCD_Init
                0x00002420       0xb8 ./Drivers/segmentlcd.o
                0x00002420                SegmentLCD_Init
 .text.SegmentLCD_Write
                0x000024d8       0xd8 ./Drivers/segmentlcd.o
                0x000024d8                SegmentLCD_Write
 .text          0x000025b0       0x30 ./CMSIS/efm32gg/startup_efm32gg.o
                0x000025b0                Reset_Handler
                0x000025dc                DebugMon_Handler
                0x000025dc                USART0_TX_IRQHandler
                0x000025dc                I2C0_IRQHandler
                0x000025dc                HardFault_Handler
                0x000025dc                LEUART1_IRQHandler
                0x000025dc                SysTick_Handler
                0x000025dc                USART1_RX_IRQHandler
                0x000025dc                PendSV_Handler
                0x000025dc                NMI_Handler
                0x000025dc                I2C1_IRQHandler
                0x000025dc                TIMER3_IRQHandler
                0x000025dc                USART1_TX_IRQHandler
                0x000025dc                MSC_IRQHandler
                0x000025dc                ADC0_IRQHandler
                0x000025dc                UsageFault_Handler
                0x000025dc                LEUART0_IRQHandler
                0x000025dc                UART0_TX_IRQHandler
                0x000025dc                UART1_TX_IRQHandler
                0x000025dc                TIMER0_IRQHandler
                0x000025dc                TIMER2_IRQHandler
                0x000025dc                LCD_IRQHandler
                0x000025dc                PCNT2_IRQHandler
                0x000025dc                UART0_RX_IRQHandler
                0x000025dc                TIMER1_IRQHandler
                0x000025dc                USART2_RX_IRQHandler
                0x000025dc                Default_Handler
                0x000025dc                EMU_IRQHandler
                0x000025dc                PCNT0_IRQHandler
                0x000025dc                USB_IRQHandler
                0x000025dc                BURTC_IRQHandler
                0x000025dc                PCNT1_IRQHandler
                0x000025dc                ACMP0_IRQHandler
                0x000025dc                USART0_RX_IRQHandler
                0x000025dc                MemManage_Handler
                0x000025dc                SVC_Handler
                0x000025dc                DAC0_IRQHandler
                0x000025dc                UART1_RX_IRQHandler
                0x000025dc                CMU_IRQHandler
                0x000025dc                EBI_IRQHandler
                0x000025dc                LESENSE_IRQHandler
                0x000025dc                GPIO_ODD_IRQHandler
                0x000025dc                AES_IRQHandler
                0x000025dc                VCMP_IRQHandler
                0x000025dc                DMA_IRQHandler
                0x000025dc                BusFault_Handler
                0x000025dc                USART2_TX_IRQHandler
 .text.GetProdRev
                0x000025e0       0x1c ./CMSIS/efm32gg/system_efm32gg.o
 .text.SystemCoreClockGet
                0x000025fc       0x48 ./CMSIS/efm32gg/system_efm32gg.o
                0x000025fc                SystemCoreClockGet
 .text.SystemMaxCoreClockGet
                0x00002644       0x14 ./CMSIS/efm32gg/system_efm32gg.o
                0x00002644                SystemMaxCoreClockGet
 .text.SystemHFClockGet
                0x00002658       0xf0 ./CMSIS/efm32gg/system_efm32gg.o
                0x00002658                SystemHFClockGet
 .text.SystemHFXOClockGet
                0x00002748       0x18 ./CMSIS/efm32gg/system_efm32gg.o
                0x00002748                SystemHFXOClockGet
 .text.SystemInit
                0x00002760        0xc ./CMSIS/efm32gg/system_efm32gg.o
                0x00002760                SystemInit
 .text.SystemLFRCOClockGet
                0x0000276c       0x14 ./CMSIS/efm32gg/system_efm32gg.o
                0x0000276c                SystemLFRCOClockGet
 .text.SystemULFRCOClockGet
                0x00002780       0x14 ./CMSIS/efm32gg/system_efm32gg.o
                0x00002780                SystemULFRCOClockGet
 .text.SystemLFXOClockGet
                0x00002794       0x18 ./CMSIS/efm32gg/system_efm32gg.o
                0x00002794                SystemLFXOClockGet
 .text          0x000027ac      0xa28 d:/programs/simplicitystudio/developer/toolchains/gnu_arm/4.8_2013q4/bin/../lib/gcc/arm-none-eabi/4.8.3/armv7-m\libgcc.a(unwind-arm.o)
                0x00002a90                _Unwind_GetCFA
                0x00002a94                __gnu_Unwind_RaiseException
                0x00002af4                __gnu_Unwind_ForcedUnwind
                0x00002b08                __gnu_Unwind_Resume
                0x00002b4c                __gnu_Unwind_Resume_or_Rethrow
                0x00002b68                _Unwind_Complete
                0x00002b6c                _Unwind_DeleteException
                0x00002b7c                _Unwind_VRS_Get
                0x00002bcc                _Unwind_VRS_Set
                0x00002c1c                __gnu_Unwind_Backtrace
                0x00002f70                __aeabi_unwind_cpp_pr0
                0x00002f78                __aeabi_unwind_cpp_pr1
                0x00002f80                __aeabi_unwind_cpp_pr2
                0x00002f88                _Unwind_VRS_Pop
 .text          0x000031d4      0x1ac d:/programs/simplicitystudio/developer/toolchains/gnu_arm/4.8_2013q4/bin/../lib/gcc/arm-none-eabi/4.8.3/armv7-m\libgcc.a(libunwind.o)
                0x000031d4                __restore_core_regs
                0x000031d4                restore_core_regs
                0x000031ec                __gnu_Unwind_Restore_VFP
                0x000031f4                __gnu_Unwind_Save_VFP
                0x000031fc                __gnu_Unwind_Restore_VFP_D
                0x00003204                __gnu_Unwind_Save_VFP_D
                0x0000320c                __gnu_Unwind_Restore_VFP_D_16_to_31
                0x00003214                __gnu_Unwind_Save_VFP_D_16_to_31
                0x0000321c                __gnu_Unwind_Restore_WMMXD
                0x00003260                __gnu_Unwind_Save_WMMXD
                0x000032a4                __gnu_Unwind_Restore_WMMXC
                0x000032b8                __gnu_Unwind_Save_WMMXC
                0x000032cc                ___Unwind_RaiseException
                0x000032cc                _Unwind_RaiseException
                0x000032f0                _Unwind_Resume
                0x000032f0                ___Unwind_Resume
                0x00003314                _Unwind_Resume_or_Rethrow
                0x00003314                ___Unwind_Resume_or_Rethrow
                0x00003338                _Unwind_ForcedUnwind
                0x00003338                ___Unwind_ForcedUnwind
                0x0000335c                ___Unwind_Backtrace
                0x0000335c                _Unwind_Backtrace
 .text          0x00003380      0x33c d:/programs/simplicitystudio/developer/toolchains/gnu_arm/4.8_2013q4/bin/../lib/gcc/arm-none-eabi/4.8.3/armv7-m\libgcc.a(pr-support.o)
                0x000033d4                __gnu_unwind_execute
                0x00003664                __gnu_unwind_frame
                0x0000368c                _Unwind_GetRegionStart
                0x00003698                _Unwind_GetLanguageSpecificData
                0x000036ac                _Unwind_GetDataRelBase
                0x000036b4                _Unwind_GetTextRelBase
 .text.__cxa_end_cleanup
                0x000036bc        0xc d:/programs/simplicitystudio/developer/toolchains/gnu_arm/4.8_2013q4/bin/../lib/gcc/arm-none-eabi/4.8.3/../../../../arm-none-eabi/lib/armv7-m\libstdc++_s.a(eh_arm.o)
                0x000036bc                __cxa_end_cleanup
 .text._ZN10__cxxabiv1L24__is_gxx_exception_classEPc
                0x000036c8       0x3a d:/programs/simplicitystudio/developer/toolchains/gnu_arm/4.8_2013q4/bin/../lib/gcc/arm-none-eabi/4.8.3/../../../../arm-none-eabi/lib/armv7-m\libstdc++_s.a(eh_arm.o)
 *fill*         0x00003702        0x2 
 .text.__cxa_type_match
                0x00003704       0xbc d:/programs/simplicitystudio/developer/toolchains/gnu_arm/4.8_2013q4/bin/../lib/gcc/arm-none-eabi/4.8.3/../../../../arm-none-eabi/lib/armv7-m\libstdc++_s.a(eh_arm.o)
                0x00003704                __cxa_type_match
 .text.__cxa_begin_cleanup
                0x000037c0       0x3a d:/programs/simplicitystudio/developer/toolchains/gnu_arm/4.8_2013q4/bin/../lib/gcc/arm-none-eabi/4.8.3/../../../../arm-none-eabi/lib/armv7-m\libstdc++_s.a(eh_arm.o)
                0x000037c0                __cxa_begin_cleanup
 .text.__gnu_end_cleanup
                0x000037fa       0x32 d:/programs/simplicitystudio/developer/toolchains/gnu_arm/4.8_2013q4/bin/../lib/gcc/arm-none-eabi/4.8.3/../../../../arm-none-eabi/lib/armv7-m\libstdc++_s.a(eh_arm.o)
                0x000037fa                __gnu_end_cleanup
 .text.__cxa_get_globals
                0x0000382c        0x8 d:/programs/simplicitystudio/developer/toolchains/gnu_arm/4.8_2013q4/bin/../lib/gcc/arm-none-eabi/4.8.3/../../../../arm-none-eabi/lib/armv7-m\libstdc++_s.a(eh_globals.o)
                0x0000382c                __cxa_get_globals
 .text._ZdlPv   0x00003834        0x8 d:/programs/simplicitystudio/developer/toolchains/gnu_arm/4.8_2013q4/bin/../lib/gcc/arm-none-eabi/4.8.3/../../../../arm-none-eabi/lib/armv7-m\libstdc++_s.a(del_op.o)
                0x00003834                operator delete(void*)
 .text._ZNK10__cxxabiv117__class_type_info11__do_upcastEPKS0_PPv
                0x0000383c       0x34 d:/programs/simplicitystudio/developer/toolchains/gnu_arm/4.8_2013q4/bin/../lib/gcc/arm-none-eabi/4.8.3/../../../../arm-none-eabi/lib/armv7-m\libstdc++_s.a(class_type_info.o)
                0x0000383c                __cxxabiv1::__class_type_info::__do_upcast(__cxxabiv1::__class_type_info const*, void**) const
 .text._ZNK10__cxxabiv117__class_type_info20__do_find_public_srcEiPKvPKS0_S2_
                0x00003870        0xc d:/programs/simplicitystudio/developer/toolchains/gnu_arm/4.8_2013q4/bin/../lib/gcc/arm-none-eabi/4.8.3/../../../../arm-none-eabi/lib/armv7-m\libstdc++_s.a(class_type_info.o)
                0x00003870                __cxxabiv1::__class_type_info::__do_find_public_src(int, void const*, __cxxabiv1::__class_type_info const*, void const*) const
 .text._ZN10__cxxabiv117__class_type_infoD2Ev
                0x0000387c       0x14 d:/programs/simplicitystudio/developer/toolchains/gnu_arm/4.8_2013q4/bin/../lib/gcc/arm-none-eabi/4.8.3/../../../../arm-none-eabi/lib/armv7-m\libstdc++_s.a(class_type_info.o)
                0x0000387c                __cxxabiv1::__class_type_info::~__class_type_info()
                0x0000387c                __cxxabiv1::__class_type_info::~__class_type_info()
 .text._ZN10__cxxabiv117__class_type_infoD0Ev
                0x00003890       0x12 d:/programs/simplicitystudio/developer/toolchains/gnu_arm/4.8_2013q4/bin/../lib/gcc/arm-none-eabi/4.8.3/../../../../arm-none-eabi/lib/armv7-m\libstdc++_s.a(class_type_info.o)
                0x00003890                __cxxabiv1::__class_type_info::~__class_type_info()
 .text._ZNK10__cxxabiv117__class_type_info11__do_upcastEPKS0_PKvRNS0_15__upcast_resultE
                0x000038a2       0x1a d:/programs/simplicitystudio/developer/toolchains/gnu_arm/4.8_2013q4/bin/../lib/gcc/arm-none-eabi/4.8.3/../../../../arm-none-eabi/lib/armv7-m\libstdc++_s.a(class_type_info.o)
                0x000038a2                __cxxabiv1::__class_type_info::__do_upcast(__cxxabiv1::__class_type_info const*, void const*, __cxxabiv1::__class_type_info::__upcast_result&) const
 .text._ZNK10__cxxabiv117__class_type_info10__do_catchEPKSt9type_infoPPvj
                0x000038bc       0x26 d:/programs/simplicitystudio/developer/toolchains/gnu_arm/4.8_2013q4/bin/../lib/gcc/arm-none-eabi/4.8.3/../../../../arm-none-eabi/lib/armv7-m\libstdc++_s.a(class_type_info.o)
                0x000038bc                __cxxabiv1::__class_type_info::__do_catch(std::type_info const*, void**, unsigned int) const
 .text._ZNK10__cxxabiv117__class_type_info12__do_dyncastEiNS0_10__sub_kindEPKS0_PKvS3_S5_RNS0_16__dyncast_resultE
                0x000038e2       0x38 d:/programs/simplicitystudio/developer/toolchains/gnu_arm/4.8_2013q4/bin/../lib/gcc/arm-none-eabi/4.8.3/../../../../arm-none-eabi/lib/armv7-m\libstdc++_s.a(class_type_info.o)
                0x000038e2                __cxxabiv1::__class_type_info::__do_dyncast(int, __cxxabiv1::__class_type_info::__sub_kind, __cxxabiv1::__class_type_info const*, void const*, __cxxabiv1::__class_type_info const*, void const*, __cxxabiv1::__class_type_info::__dyncast_result&) const
 .text._ZL12read_uleb128PKhPm
                0x0000391a       0x20 d:/programs/simplicitystudio/developer/toolchains/gnu_arm/4.8_2013q4/bin/../lib/gcc/arm-none-eabi/4.8.3/../../../../arm-none-eabi/lib/armv7-m\libstdc++_s.a(eh_personality.o)
 .text._ZL12read_sleb128PKhPl
                0x0000393a       0x30 d:/programs/simplicitystudio/developer/toolchains/gnu_arm/4.8_2013q4/bin/../lib/gcc/arm-none-eabi/4.8.3/../../../../arm-none-eabi/lib/armv7-m\libstdc++_s.a(eh_personality.o)
 .text._ZL28read_encoded_value_with_basehjPKhPj
                0x0000396a       0x8e d:/programs/simplicitystudio/developer/toolchains/gnu_arm/4.8_2013q4/bin/../lib/gcc/arm-none-eabi/4.8.3/../../../../arm-none-eabi/lib/armv7-m\libstdc++_s.a(eh_personality.o)
 .text._ZL21base_of_encoded_valuehP15_Unwind_Context
                0x000039f8       0x48 d:/programs/simplicitystudio/developer/toolchains/gnu_arm/4.8_2013q4/bin/../lib/gcc/arm-none-eabi/4.8.3/../../../../arm-none-eabi/lib/armv7-m\libstdc++_s.a(eh_personality.o)
 .text._ZL18read_encoded_valueP15_Unwind_ContexthPKhPj
                0x00003a40       0x24 d:/programs/simplicitystudio/developer/toolchains/gnu_arm/4.8_2013q4/bin/../lib/gcc/arm-none-eabi/4.8.3/../../../../arm-none-eabi/lib/armv7-m\libstdc++_s.a(eh_personality.o)
 .text._ZL17parse_lsda_headerP15_Unwind_ContextPKhP16lsda_header_info
                0x00003a64       0x5c d:/programs/simplicitystudio/developer/toolchains/gnu_arm/4.8_2013q4/bin/../lib/gcc/arm-none-eabi/4.8.3/../../../../arm-none-eabi/lib/armv7-m\libstdc++_s.a(eh_personality.o)
 .text._Unwind_GetGR
                0x00003ac0       0x18 d:/programs/simplicitystudio/developer/toolchains/gnu_arm/4.8_2013q4/bin/../lib/gcc/arm-none-eabi/4.8.3/../../../../arm-none-eabi/lib/armv7-m\libstdc++_s.a(eh_personality.o)
 .text.__gxx_personality_v0
                0x00003ad8      0x344 d:/programs/simplicitystudio/developer/toolchains/gnu_arm/4.8_2013q4/bin/../lib/gcc/arm-none-eabi/4.8.3/../../../../arm-none-eabi/lib/armv7-m\libstdc++_s.a(eh_personality.o)
                0x00003ad8                __gxx_personality_v0
 .text._ZN10__cxxabiv111__terminateEPFvvE
                0x00003e1c        0x8 d:/programs/simplicitystudio/developer/toolchains/gnu_arm/4.8_2013q4/bin/../lib/gcc/arm-none-eabi/4.8.3/../../../../arm-none-eabi/lib/armv7-m\libstdc++_s.a(eh_terminate.o)
                0x00003e1c                __cxxabiv1::__terminate(void (*)())
 .text._ZSt9terminatev
                0x00003e24       0x10 d:/programs/simplicitystudio/developer/toolchains/gnu_arm/4.8_2013q4/bin/../lib/gcc/arm-none-eabi/4.8.3/../../../../arm-none-eabi/lib/armv7-m\libstdc++_s.a(eh_terminate.o)
                0x00003e24                std::terminate()
 .text._ZN10__cxxabiv112__unexpectedEPFvvE
                0x00003e34        0x8 d:/programs/simplicitystudio/developer/toolchains/gnu_arm/4.8_2013q4/bin/../lib/gcc/arm-none-eabi/4.8.3/../../../../arm-none-eabi/lib/armv7-m\libstdc++_s.a(eh_terminate.o)
                0x00003e34                __cxxabiv1::__unexpected(void (*)())
 .text._ZSt10unexpectedv
                0x00003e3c       0x10 d:/programs/simplicitystudio/developer/toolchains/gnu_arm/4.8_2013q4/bin/../lib/gcc/arm-none-eabi/4.8.3/../../../../arm-none-eabi/lib/armv7-m\libstdc++_s.a(eh_terminate.o)
                0x00003e3c                std::unexpected()
 .text._ZNSt9type_infoD2Ev
                0x00003e4c        0xc d:/programs/simplicitystudio/developer/toolchains/gnu_arm/4.8_2013q4/bin/../lib/gcc/arm-none-eabi/4.8.3/../../../../arm-none-eabi/lib/armv7-m\libstdc++_s.a(tinfo.o)
                0x00003e4c                std::type_info::~type_info()
                0x00003e4c                std::type_info::~type_info()
 .text._ZNKSt9type_info14__is_pointer_pEv
                0x00003e58        0x4 d:/programs/simplicitystudio/developer/toolchains/gnu_arm/4.8_2013q4/bin/../lib/gcc/arm-none-eabi/4.8.3/../../../../arm-none-eabi/lib/armv7-m\libstdc++_s.a(tinfo.o)
                0x00003e58                std::type_info::__is_pointer_p() const
 .text._ZNKSt9type_info15__is_function_pEv
                0x00003e5c        0x4 d:/programs/simplicitystudio/developer/toolchains/gnu_arm/4.8_2013q4/bin/../lib/gcc/arm-none-eabi/4.8.3/../../../../arm-none-eabi/lib/armv7-m\libstdc++_s.a(tinfo.o)
                0x00003e5c                std::type_info::__is_function_p() const
 .text._ZNKSt9type_info11__do_upcastEPKN10__cxxabiv117__class_type_infoEPPv
                0x00003e60        0x4 d:/programs/simplicitystudio/developer/toolchains/gnu_arm/4.8_2013q4/bin/../lib/gcc/arm-none-eabi/4.8.3/../../../../arm-none-eabi/lib/armv7-m\libstdc++_s.a(tinfo.o)
                0x00003e60                std::type_info::__do_upcast(__cxxabiv1::__class_type_info const*, void**) const
 .text._ZNSt9type_infoD0Ev
                0x00003e64       0x14 d:/programs/simplicitystudio/developer/toolchains/gnu_arm/4.8_2013q4/bin/../lib/gcc/arm-none-eabi/4.8.3/../../../../arm-none-eabi/lib/armv7-m\libstdc++_s.a(tinfo.o)
                0x00003e64                std::type_info::~type_info()
 .text._ZNKSt9type_infoeqERKS_
                0x00003e78       0x28 d:/programs/simplicitystudio/developer/toolchains/gnu_arm/4.8_2013q4/bin/../lib/gcc/arm-none-eabi/4.8.3/../../../../arm-none-eabi/lib/armv7-m\libstdc++_s.a(tinfo.o)
                0x00003e78                std::type_info::operator==(std::type_info const&) const
 .text._ZNKSt9type_info10__do_catchEPKS_PPvj
                0x00003ea0        0x4 d:/programs/simplicitystudio/developer/toolchains/gnu_arm/4.8_2013q4/bin/../lib/gcc/arm-none-eabi/4.8.3/../../../../arm-none-eabi/lib/armv7-m\libstdc++_s.a(tinfo.o)
                0x00003ea0                std::type_info::__do_catch(std::type_info const*, void**, unsigned int) const
 .text._ZN10__cxxabiv120__si_class_type_infoD2Ev
                0x00003ea4       0x14 d:/programs/simplicitystudio/developer/toolchains/gnu_arm/4.8_2013q4/bin/../lib/gcc/arm-none-eabi/4.8.3/../../../../arm-none-eabi/lib/armv7-m\libstdc++_s.a(si_class_type_info.o)
                0x00003ea4                __cxxabiv1::__si_class_type_info::~__si_class_type_info()
                0x00003ea4                __cxxabiv1::__si_class_type_info::~__si_class_type_info()
 .text._ZN10__cxxabiv120__si_class_type_infoD0Ev
                0x00003eb8       0x12 d:/programs/simplicitystudio/developer/toolchains/gnu_arm/4.8_2013q4/bin/../lib/gcc/arm-none-eabi/4.8.3/../../../../arm-none-eabi/lib/armv7-m\libstdc++_s.a(si_class_type_info.o)
                0x00003eb8                __cxxabiv1::__si_class_type_info::~__si_class_type_info()
 .text._ZNK10__cxxabiv120__si_class_type_info20__do_find_public_srcEiPKvPKNS_17__class_type_infoES2_
                0x00003eca       0x34 d:/programs/simplicitystudio/developer/toolchains/gnu_arm/4.8_2013q4/bin/../lib/gcc/arm-none-eabi/4.8.3/../../../../arm-none-eabi/lib/armv7-m\libstdc++_s.a(si_class_type_info.o)
                0x00003eca                __cxxabiv1::__si_class_type_info::__do_find_public_src(int, void const*, __cxxabiv1::__class_type_info const*, void const*) const
 .text._ZNK10__cxxabiv120__si_class_type_info12__do_dyncastEiNS_17__class_type_info10__sub_kindEPKS1_PKvS4_S6_RNS1_16__dyncast_resultE
                0x00003efe       0x7c d:/programs/simplicitystudio/developer/toolchains/gnu_arm/4.8_2013q4/bin/../lib/gcc/arm-none-eabi/4.8.3/../../../../arm-none-eabi/lib/armv7-m\libstdc++_s.a(si_class_type_info.o)
                0x00003efe                __cxxabiv1::__si_class_type_info::__do_dyncast(int, __cxxabiv1::__class_type_info::__sub_kind, __cxxabiv1::__class_type_info const*, void const*, __cxxabiv1::__class_type_info const*, void const*, __cxxabiv1::__class_type_info::__dyncast_result&) const
 .text._ZNK10__cxxabiv120__si_class_type_info11__do_upcastEPKNS_17__class_type_infoEPKvRNS1_15__upcast_resultE
                0x00003f7a       0x24 d:/programs/simplicitystudio/developer/toolchains/gnu_arm/4.8_2013q4/bin/../lib/gcc/arm-none-eabi/4.8.3/../../../../arm-none-eabi/lib/armv7-m\libstdc++_s.a(si_class_type_info.o)
                0x00003f7a                __cxxabiv1::__si_class_type_info::__do_upcast(__cxxabiv1::__class_type_info const*, void const*, __cxxabiv1::__class_type_info::__upcast_result&) const
 .text._ZN10__cxxabiv1L24__is_gxx_exception_classEPc
                0x00003f9e       0x3a d:/programs/simplicitystudio/developer/toolchains/gnu_arm/4.8_2013q4/bin/../lib/gcc/arm-none-eabi/4.8.3/../../../../arm-none-eabi/lib/armv7-m\libstdc++_s.a(eh_call.o)
 .text.__cxa_call_terminate
                0x00003fd8       0x1e d:/programs/simplicitystudio/developer/toolchains/gnu_arm/4.8_2013q4/bin/../lib/gcc/arm-none-eabi/4.8.3/../../../../arm-none-eabi/lib/armv7-m\libstdc++_s.a(eh_call.o)
                0x00003fd8                __cxa_call_terminate
 .text.__cxa_call_unexpected
                0x00003ff6       0x28 d:/programs/simplicitystudio/developer/toolchains/gnu_arm/4.8_2013q4/bin/../lib/gcc/arm-none-eabi/4.8.3/../../../../arm-none-eabi/lib/armv7-m\libstdc++_s.a(eh_call.o)
                0x00003ff6                __cxa_call_unexpected
 .text._ZN10__cxxabiv1L24__is_gxx_exception_classEPc
                0x0000401e       0x3a d:/programs/simplicitystudio/developer/toolchains/gnu_arm/4.8_2013q4/bin/../lib/gcc/arm-none-eabi/4.8.3/../../../../arm-none-eabi/lib/armv7-m\libstdc++_s.a(eh_catch.o)
 .text.__cxa_begin_catch
                0x00004058       0x52 d:/programs/simplicitystudio/developer/toolchains/gnu_arm/4.8_2013q4/bin/../lib/gcc/arm-none-eabi/4.8.3/../../../../arm-none-eabi/lib/armv7-m\libstdc++_s.a(eh_catch.o)
                0x00004058                __cxa_begin_catch
 *fill*         0x000040aa        0x2 
 .text._ZN9__gnu_cxx27__verbose_terminate_handlerEv
                0x000040ac       0x98 d:/programs/simplicitystudio/developer/toolchains/gnu_arm/4.8_2013q4/bin/../lib/gcc/arm-none-eabi/4.8.3/../../../../arm-none-eabi/lib/armv7-m\libstdc++_s.a(vterminate.o)
                0x000040ac                __gnu_cxx::__verbose_terminate_handler()
 .text.__cxa_current_exception_type
                0x00004144       0x1a d:/programs/simplicitystudio/developer/toolchains/gnu_arm/4.8_2013q4/bin/../lib/gcc/arm-none-eabi/4.8.3/../../../../arm-none-eabi/lib/armv7-m\libstdc++_s.a(eh_type.o)
                0x00004144                __cxa_current_exception_type
 *fill*         0x0000415e        0x2 
 .text          0x00004160     0x57ec d:/programs/simplicitystudio/developer/toolchains/gnu_arm/4.8_2013q4/bin/../lib/gcc/arm-none-eabi/4.8.3/../../../../arm-none-eabi/lib/armv7-m\libstdc++_s.a(cp-demangle.o)
                0x0000986c                __cxa_demangle
                0x00009930                __gcclibcxx_demangle_callback
 .text.abort    0x0000994c        0xe d:/programs/simplicitystudio/developer/toolchains/gnu_arm/4.8_2013q4/bin/../lib/gcc/arm-none-eabi/4.8.3/../../../../arm-none-eabi/lib/armv7-m\libc_s.a(lib_a-abort.o)
                0x0000994c                abort
 *fill*         0x0000995a        0x2 
 .text.exit     0x0000995c       0x28 d:/programs/simplicitystudio/developer/toolchains/gnu_arm/4.8_2013q4/bin/../lib/gcc/arm-none-eabi/4.8.3/../../../../arm-none-eabi/lib/armv7-m\libc_s.a(lib_a-exit.o)
                0x0000995c                exit
 .text._fputs_r
                0x00009984       0xa8 d:/programs/simplicitystudio/developer/toolchains/gnu_arm/4.8_2013q4/bin/../lib/gcc/arm-none-eabi/4.8.3/../../../../arm-none-eabi/lib/armv7-m\libc_s.a(lib_a-fputs.o)
                0x00009984                _fputs_r
 .text.fputs    0x00009a2c       0x14 d:/programs/simplicitystudio/developer/toolchains/gnu_arm/4.8_2013q4/bin/../lib/gcc/arm-none-eabi/4.8.3/../../../../arm-none-eabi/lib/armv7-m\libc_s.a(lib_a-fputs.o)
                0x00009a2c                fputs
 .text.__libc_init_array
                0x00009a40       0x4c d:/programs/simplicitystudio/developer/toolchains/gnu_arm/4.8_2013q4/bin/../lib/gcc/arm-none-eabi/4.8.3/../../../../arm-none-eabi/lib/armv7-m\libc_s.a(lib_a-init.o)
                0x00009a40                __libc_init_array
 .text.free     0x00009a8c       0x10 d:/programs/simplicitystudio/developer/toolchains/gnu_arm/4.8_2013q4/bin/../lib/gcc/arm-none-eabi/4.8.3/../../../../arm-none-eabi/lib/armv7-m\libc_s.a(lib_a-malloc.o)
                0x00009a8c                free
 .text.memcmp   0x00009a9c       0x1e d:/programs/simplicitystudio/developer/toolchains/gnu_arm/4.8_2013q4/bin/../lib/gcc/arm-none-eabi/4.8.3/../../../../arm-none-eabi/lib/armv7-m\libc_s.a(lib_a-memcmp.o)
                0x00009a9c                memcmp
 .text.memcpy   0x00009aba       0x12 d:/programs/simplicitystudio/developer/toolchains/gnu_arm/4.8_2013q4/bin/../lib/gcc/arm-none-eabi/4.8.3/../../../../arm-none-eabi/lib/armv7-m\libc_s.a(lib_a-memcpy-stub.o)
                0x00009aba                memcpy
 .text.memset   0x00009acc       0x10 d:/programs/simplicitystudio/developer/toolchains/gnu_arm/4.8_2013q4/bin/../lib/gcc/arm-none-eabi/4.8.3/../../../../arm-none-eabi/lib/armv7-m\libc_s.a(lib_a-memset.o)
                0x00009acc                memset
 .text._free_r  0x00009adc       0x88 d:/programs/simplicitystudio/developer/toolchains/gnu_arm/4.8_2013q4/bin/../lib/gcc/arm-none-eabi/4.8.3/../../../../arm-none-eabi/lib/armv7-m\libc_s.a(lib_a-nano-freer.o)
                0x00009adc                _free_r
 .text._malloc_r
                0x00009b64       0xa8 d:/programs/simplicitystudio/developer/toolchains/gnu_arm/4.8_2013q4/bin/../lib/gcc/arm-none-eabi/4.8.3/../../../../arm-none-eabi/lib/armv7-m\libc_s.a(lib_a-nano-mallocr.o)
                0x00009b64                _malloc_r
 .text.realloc  0x00009c0c       0x14 d:/programs/simplicitystudio/developer/toolchains/gnu_arm/4.8_2013q4/bin/../lib/gcc/arm-none-eabi/4.8.3/../../../../arm-none-eabi/lib/armv7-m\libc_s.a(lib_a-realloc.o)
                0x00009c0c                realloc
 .text._sbrk_r  0x00009c20       0x20 d:/programs/simplicitystudio/developer/toolchains/gnu_arm/4.8_2013q4/bin/../lib/gcc/arm-none-eabi/4.8.3/../../../../arm-none-eabi/lib/armv7-m\libc_s.a(lib_a-sbrkr.o)
                0x00009c20                _sbrk_r
 .text._raise_r
                0x00009c40       0x50 d:/programs/simplicitystudio/developer/toolchains/gnu_arm/4.8_2013q4/bin/../lib/gcc/arm-none-eabi/4.8.3/../../../../arm-none-eabi/lib/armv7-m\libc_s.a(lib_a-signal.o)
                0x00009c40                _raise_r
 .text.raise    0x00009c90       0x10 d:/programs/simplicitystudio/developer/toolchains/gnu_arm/4.8_2013q4/bin/../lib/gcc/arm-none-eabi/4.8.3/../../../../arm-none-eabi/lib/armv7-m\libc_s.a(lib_a-signal.o)
                0x00009c90                raise
 .text._kill_r  0x00009ca0       0x24 d:/programs/simplicitystudio/developer/toolchains/gnu_arm/4.8_2013q4/bin/../lib/gcc/arm-none-eabi/4.8.3/../../../../arm-none-eabi/lib/armv7-m\libc_s.a(lib_a-signalr.o)
                0x00009ca0                _kill_r
 .text._getpid_r
                0x00009cc4        0x4 d:/programs/simplicitystudio/developer/toolchains/gnu_arm/4.8_2013q4/bin/../lib/gcc/arm-none-eabi/4.8.3/../../../../arm-none-eabi/lib/armv7-m\libc_s.a(lib_a-signalr.o)
                0x00009cc4                _getpid_r
 .text.sprintf  0x00009cc8       0x48 d:/programs/simplicitystudio/developer/toolchains/gnu_arm/4.8_2013q4/bin/../lib/gcc/arm-none-eabi/4.8.3/../../../../arm-none-eabi/lib/armv7-m\libc_s.a(lib_a-sprintf.o)
                0x00009cc8                siprintf
                0x00009cc8                sprintf
 .text          0x00009d10       0x14 d:/programs/simplicitystudio/developer/toolchains/gnu_arm/4.8_2013q4/bin/../lib/gcc/arm-none-eabi/4.8.3/../../../../arm-none-eabi/lib/armv7-m\libc_s.a(lib_a-strcmp.o)
                0x00009d10                strcmp
 .text.strlen   0x00009d24       0x10 d:/programs/simplicitystudio/developer/toolchains/gnu_arm/4.8_2013q4/bin/../lib/gcc/arm-none-eabi/4.8.3/../../../../arm-none-eabi/lib/armv7-m\libc_s.a(lib_a-strlen.o)
                0x00009d24                strlen
 .text.strncmp  0x00009d34       0x2c d:/programs/simplicitystudio/developer/toolchains/gnu_arm/4.8_2013q4/bin/../lib/gcc/arm-none-eabi/4.8.3/../../../../arm-none-eabi/lib/armv7-m\libc_s.a(lib_a-strncmp.o)
                0x00009d34                strncmp
 .text.__ssputs_r
                0x00009d60       0xb8 d:/programs/simplicitystudio/developer/toolchains/gnu_arm/4.8_2013q4/bin/../lib/gcc/arm-none-eabi/4.8.3/../../../../arm-none-eabi/lib/armv7-m\libc_s.a(lib_a-svfprintf.o)
                0x00009d60                __ssputs_r
 .text._svfprintf_r
                0x00009e18      0x1d8 d:/programs/simplicitystudio/developer/toolchains/gnu_arm/4.8_2013q4/bin/../lib/gcc/arm-none-eabi/4.8.3/../../../../arm-none-eabi/lib/armv7-m\libc_s.a(lib_a-svfprintf.o)
                0x00009e18                _svfiprintf_r
                0x00009e18                _svfprintf_r
 .text._printf_common
                0x00009ff0       0xe4 d:/programs/simplicitystudio/developer/toolchains/gnu_arm/4.8_2013q4/bin/../lib/gcc/arm-none-eabi/4.8.3/../../../../arm-none-eabi/lib/armv7-m\libc_s.a(lib_a-vfprintf_i.o)
                0x00009ff0                _printf_common
 .text._printf_i
                0x0000a0d4      0x228 d:/programs/simplicitystudio/developer/toolchains/gnu_arm/4.8_2013q4/bin/../lib/gcc/arm-none-eabi/4.8.3/../../../../arm-none-eabi/lib/armv7-m\libc_s.a(lib_a-vfprintf_i.o)
                0x0000a0d4                _printf_i
 .text.__swbuf_r
                0x0000a2fc       0xa8 d:/programs/simplicitystudio/developer/toolchains/gnu_arm/4.8_2013q4/bin/../lib/gcc/arm-none-eabi/4.8.3/../../../../arm-none-eabi/lib/armv7-m\libc_s.a(lib_a-wbuf.o)
                0x0000a2fc                __swbuf_r
 .text._write_r
                0x0000a3a4       0x24 d:/programs/simplicitystudio/developer/toolchains/gnu_arm/4.8_2013q4/bin/../lib/gcc/arm-none-eabi/4.8.3/../../../../arm-none-eabi/lib/armv7-m\libc_s.a(lib_a-writer.o)
                0x0000a3a4                _write_r
 .text.__swsetup_r
                0x0000a3c8       0xdc d:/programs/simplicitystudio/developer/toolchains/gnu_arm/4.8_2013q4/bin/../lib/gcc/arm-none-eabi/4.8.3/../../../../arm-none-eabi/lib/armv7-m\libc_s.a(lib_a-wsetup.o)
                0x0000a3c8                __swsetup_r
 .text.__sflush_r
                0x0000a4a4      0x106 d:/programs/simplicitystudio/developer/toolchains/gnu_arm/4.8_2013q4/bin/../lib/gcc/arm-none-eabi/4.8.3/../../../../arm-none-eabi/lib/armv7-m\libc_s.a(lib_a-fflush.o)
                0x0000a4a4                __sflush_r
 *fill*         0x0000a5aa        0x2 
 .text._fflush_r
                0x0000a5ac       0x54 d:/programs/simplicitystudio/developer/toolchains/gnu_arm/4.8_2013q4/bin/../lib/gcc/arm-none-eabi/4.8.3/../../../../arm-none-eabi/lib/armv7-m\libc_s.a(lib_a-fflush.o)
                0x0000a5ac                _fflush_r
 .text._cleanup_r
                0x0000a600       0x32 d:/programs/simplicitystudio/developer/toolchains/gnu_arm/4.8_2013q4/bin/../lib/gcc/arm-none-eabi/4.8.3/../../../../arm-none-eabi/lib/armv7-m\libc_s.a(lib_a-findfp.o)
                0x0000a600                _cleanup_r
 *fill*         0x0000a632        0x2 
 .text.std.isra.0
                0x0000a634       0x48 d:/programs/simplicitystudio/developer/toolchains/gnu_arm/4.8_2013q4/bin/../lib/gcc/arm-none-eabi/4.8.3/../../../../arm-none-eabi/lib/armv7-m\libc_s.a(lib_a-findfp.o)
 .text.__sfmoreglue
                0x0000a67c       0x2c d:/programs/simplicitystudio/developer/toolchains/gnu_arm/4.8_2013q4/bin/../lib/gcc/arm-none-eabi/4.8.3/../../../../arm-none-eabi/lib/armv7-m\libc_s.a(lib_a-findfp.o)
                0x0000a67c                __sfmoreglue
 .text.__sinit  0x0000a6a8       0x60 d:/programs/simplicitystudio/developer/toolchains/gnu_arm/4.8_2013q4/bin/../lib/gcc/arm-none-eabi/4.8.3/../../../../arm-none-eabi/lib/armv7-m\libc_s.a(lib_a-findfp.o)
                0x0000a6a8                __sinit
 .text.__sfp    0x0000a708       0x74 d:/programs/simplicitystudio/developer/toolchains/gnu_arm/4.8_2013q4/bin/../lib/gcc/arm-none-eabi/4.8.3/../../../../arm-none-eabi/lib/armv7-m\libc_s.a(lib_a-findfp.o)
                0x0000a708                __sfp
 .text.__smakebuf_r
                0x0000a77c       0x98 d:/programs/simplicitystudio/developer/toolchains/gnu_arm/4.8_2013q4/bin/../lib/gcc/arm-none-eabi/4.8.3/../../../../arm-none-eabi/lib/armv7-m\libc_s.a(lib_a-makebuf.o)
                0x0000a77c                __smakebuf_r
 .text.memchr   0x0000a814       0x1c d:/programs/simplicitystudio/developer/toolchains/gnu_arm/4.8_2013q4/bin/../lib/gcc/arm-none-eabi/4.8.3/../../../../arm-none-eabi/lib/armv7-m\libc_s.a(lib_a-memchr-stub.o)
                0x0000a814                memchr
 .text.memmove  0x0000a830       0x36 d:/programs/simplicitystudio/developer/toolchains/gnu_arm/4.8_2013q4/bin/../lib/gcc/arm-none-eabi/4.8.3/../../../../arm-none-eabi/lib/armv7-m\libc_s.a(lib_a-memmove.o)
                0x0000a830                memmove
 .text._realloc_r
                0x0000a866       0x4c d:/programs/simplicitystudio/developer/toolchains/gnu_arm/4.8_2013q4/bin/../lib/gcc/arm-none-eabi/4.8.3/../../../../arm-none-eabi/lib/armv7-m\libc_s.a(lib_a-nano-reallocr.o)
                0x0000a866                _realloc_r
 .text.__sread  0x0000a8b2       0x22 d:/programs/simplicitystudio/developer/toolchains/gnu_arm/4.8_2013q4/bin/../lib/gcc/arm-none-eabi/4.8.3/../../../../arm-none-eabi/lib/armv7-m\libc_s.a(lib_a-stdio.o)
                0x0000a8b2                __sread
 .text.__swrite
                0x0000a8d4       0x38 d:/programs/simplicitystudio/developer/toolchains/gnu_arm/4.8_2013q4/bin/../lib/gcc/arm-none-eabi/4.8.3/../../../../arm-none-eabi/lib/armv7-m\libc_s.a(lib_a-stdio.o)
                0x0000a8d4                __swrite
 .text.__sseek  0x0000a90c       0x24 d:/programs/simplicitystudio/developer/toolchains/gnu_arm/4.8_2013q4/bin/../lib/gcc/arm-none-eabi/4.8.3/../../../../arm-none-eabi/lib/armv7-m\libc_s.a(lib_a-stdio.o)
                0x0000a90c                __sseek
 .text.__sclose
                0x0000a930        0x8 d:/programs/simplicitystudio/developer/toolchains/gnu_arm/4.8_2013q4/bin/../lib/gcc/arm-none-eabi/4.8.3/../../../../arm-none-eabi/lib/armv7-m\libc_s.a(lib_a-stdio.o)
                0x0000a930                __sclose
 .text._close_r
                0x0000a938       0x20 d:/programs/simplicitystudio/developer/toolchains/gnu_arm/4.8_2013q4/bin/../lib/gcc/arm-none-eabi/4.8.3/../../../../arm-none-eabi/lib/armv7-m\libc_s.a(lib_a-closer.o)
                0x0000a938                _close_r
 .text._fstat_r
                0x0000a958       0x24 d:/programs/simplicitystudio/developer/toolchains/gnu_arm/4.8_2013q4/bin/../lib/gcc/arm-none-eabi/4.8.3/../../../../arm-none-eabi/lib/armv7-m\libc_s.a(lib_a-fstatr.o)
                0x0000a958                _fstat_r
 .text._isatty_r
                0x0000a97c       0x20 d:/programs/simplicitystudio/developer/toolchains/gnu_arm/4.8_2013q4/bin/../lib/gcc/arm-none-eabi/4.8.3/../../../../arm-none-eabi/lib/armv7-m\libc_s.a(lib_a-isattyr.o)
                0x0000a97c                _isatty_r
 .text._lseek_r
                0x0000a99c       0x24 d:/programs/simplicitystudio/developer/toolchains/gnu_arm/4.8_2013q4/bin/../lib/gcc/arm-none-eabi/4.8.3/../../../../arm-none-eabi/lib/armv7-m\libc_s.a(lib_a-lseekr.o)
                0x0000a99c                _lseek_r
 .text._malloc_usable_size_r
                0x0000a9c0       0x12 d:/programs/simplicitystudio/developer/toolchains/gnu_arm/4.8_2013q4/bin/../lib/gcc/arm-none-eabi/4.8.3/../../../../arm-none-eabi/lib/armv7-m\libc_s.a(lib_a-nano-msizer.o)
                0x0000a9c0                _malloc_usable_size_r
 *fill*         0x0000a9d2        0x2 
 .text._read_r  0x0000a9d4       0x24 d:/programs/simplicitystudio/developer/toolchains/gnu_arm/4.8_2013q4/bin/../lib/gcc/arm-none-eabi/4.8.3/../../../../arm-none-eabi/lib/armv7-m\libc_s.a(lib_a-readr.o)
                0x0000a9d4                _read_r
 .text._close   0x0000a9f8       0x10 d:/programs/simplicitystudio/developer/toolchains/gnu_arm/4.8_2013q4/bin/../lib/gcc/arm-none-eabi/4.8.3/../../../../arm-none-eabi/lib/armv7-m\libnosys.a(close.o)
                0x0000a9f8                _close
 .text._fstat   0x0000aa08       0x10 d:/programs/simplicitystudio/developer/toolchains/gnu_arm/4.8_2013q4/bin/../lib/gcc/arm-none-eabi/4.8.3/../../../../arm-none-eabi/lib/armv7-m\libnosys.a(fstat.o)
                0x0000aa08                _fstat
 .text._getpid  0x0000aa18       0x10 d:/programs/simplicitystudio/developer/toolchains/gnu_arm/4.8_2013q4/bin/../lib/gcc/arm-none-eabi/4.8.3/../../../../arm-none-eabi/lib/armv7-m\libnosys.a(getpid.o)
                0x0000aa18                _getpid
 .text._isatty  0x0000aa28       0x10 d:/programs/simplicitystudio/developer/toolchains/gnu_arm/4.8_2013q4/bin/../lib/gcc/arm-none-eabi/4.8.3/../../../../arm-none-eabi/lib/armv7-m\libnosys.a(isatty.o)
                0x0000aa28                _isatty
 .text._kill    0x0000aa38       0x10 d:/programs/simplicitystudio/developer/toolchains/gnu_arm/4.8_2013q4/bin/../lib/gcc/arm-none-eabi/4.8.3/../../../../arm-none-eabi/lib/armv7-m\libnosys.a(kill.o)
                0x0000aa38                _kill
 .text._lseek   0x0000aa48       0x10 d:/programs/simplicitystudio/developer/toolchains/gnu_arm/4.8_2013q4/bin/../lib/gcc/arm-none-eabi/4.8.3/../../../../arm-none-eabi/lib/armv7-m\libnosys.a(lseek.o)
                0x0000aa48                _lseek
 .text._read    0x0000aa58       0x10 d:/programs/simplicitystudio/developer/toolchains/gnu_arm/4.8_2013q4/bin/../lib/gcc/arm-none-eabi/4.8.3/../../../../arm-none-eabi/lib/armv7-m\libnosys.a(read.o)
                0x0000aa58                _read
 .text._sbrk    0x0000aa68       0x34 d:/programs/simplicitystudio/developer/toolchains/gnu_arm/4.8_2013q4/bin/../lib/gcc/arm-none-eabi/4.8.3/../../../../arm-none-eabi/lib/armv7-m\libnosys.a(sbrk.o)
                0x0000aa68                _sbrk
 .text._write   0x0000aa9c       0x10 d:/programs/simplicitystudio/developer/toolchains/gnu_arm/4.8_2013q4/bin/../lib/gcc/arm-none-eabi/4.8.3/../../../../arm-none-eabi/lib/armv7-m\libnosys.a(write.o)
                0x0000aa9c                _write
 .text._exit    0x0000aaac        0x4 d:/programs/simplicitystudio/developer/toolchains/gnu_arm/4.8_2013q4/bin/../lib/gcc/arm-none-eabi/4.8.3/../../../../arm-none-eabi/lib/armv7-m\libnosys.a(_exit.o)
                0x0000aaac                _exit
 *(.init)
 .init          0x0000aab0        0x4 d:/programs/simplicitystudio/developer/toolchains/gnu_arm/4.8_2013q4/bin/../lib/gcc/arm-none-eabi/4.8.3/armv7-m/crti.o
                0x0000aab0                _init
 .init          0x0000aab4        0x8 d:/programs/simplicitystudio/developer/toolchains/gnu_arm/4.8_2013q4/bin/../lib/gcc/arm-none-eabi/4.8.3/armv7-m/crtn.o
 *(.fini)
 .fini          0x0000aabc        0x4 d:/programs/simplicitystudio/developer/toolchains/gnu_arm/4.8_2013q4/bin/../lib/gcc/arm-none-eabi/4.8.3/armv7-m/crti.o
                0x0000aabc                _fini
 .fini          0x0000aac0        0x8 d:/programs/simplicitystudio/developer/toolchains/gnu_arm/4.8_2013q4/bin/../lib/gcc/arm-none-eabi/4.8.3/armv7-m/crtn.o
 *crtbegin.o(.ctors)
 *crtbegin?.o(.ctors)
 *(EXCLUDE_FILE(*crtend.o *crtend?.o) .ctors)
 *(SORT(.ctors.*))
 *(.ctors)
 *crtbegin.o(.dtors)
 *crtbegin?.o(.dtors)
 *(EXCLUDE_FILE(*crtend.o *crtend?.o) .dtors)
 *(SORT(.dtors.*))
 *(.dtors)
 *(.rodata*)
 .rodata        0x0000aac8       0x1c ./src/interruptHandlers.o
 .rodata        0x0000aae4        0x4 ./src/rtc.o
 .rodata.EFM_Display
                0x0000aae8      0x120 ./Drivers/segmentlcd.o
 .rodata.EFM_Alphabet
                0x0000ac08       0xb8 ./Drivers/segmentlcd.o
 .rodata.lcdInit
                0x0000acc0       0x14 ./Drivers/segmentlcd.o
 .rodata._ZTIN10__cxxabiv115__forced_unwindE
                0x0000acd4        0x8 d:/programs/simplicitystudio/developer/toolchains/gnu_arm/4.8_2013q4/bin/../lib/gcc/arm-none-eabi/4.8.3/../../../../arm-none-eabi/lib/armv7-m\libstdc++_s.a(eh_exception.o)
                0x0000acd4                typeinfo for __cxxabiv1::__forced_unwind
 .rodata._ZTSN10__cxxabiv119__foreign_exceptionE
                0x0000acdc       0x24 d:/programs/simplicitystudio/developer/toolchains/gnu_arm/4.8_2013q4/bin/../lib/gcc/arm-none-eabi/4.8.3/../../../../arm-none-eabi/lib/armv7-m\libstdc++_s.a(eh_exception.o)
                0x0000acdc                typeinfo name for __cxxabiv1::__foreign_exception
 .rodata._ZTIN10__cxxabiv119__foreign_exceptionE
                0x0000ad00        0x8 d:/programs/simplicitystudio/developer/toolchains/gnu_arm/4.8_2013q4/bin/../lib/gcc/arm-none-eabi/4.8.3/../../../../arm-none-eabi/lib/armv7-m\libstdc++_s.a(eh_exception.o)
                0x0000ad00                typeinfo for __cxxabiv1::__foreign_exception
 .rodata._ZTSN10__cxxabiv115__forced_unwindE
                0x0000ad08       0x20 d:/programs/simplicitystudio/developer/toolchains/gnu_arm/4.8_2013q4/bin/../lib/gcc/arm-none-eabi/4.8.3/../../../../arm-none-eabi/lib/armv7-m\libstdc++_s.a(eh_exception.o)
                0x0000ad08                typeinfo name for __cxxabiv1::__forced_unwind
 .rodata._ZTVN10__cxxabiv117__class_type_infoE
                0x0000ad28       0x30 d:/programs/simplicitystudio/developer/toolchains/gnu_arm/4.8_2013q4/bin/../lib/gcc/arm-none-eabi/4.8.3/../../../../arm-none-eabi/lib/armv7-m\libstdc++_s.a(class_type_info.o)
                0x0000ad28                vtable for __cxxabiv1::__class_type_info
 .rodata._ZTIN10__cxxabiv117__class_type_infoE
                0x0000ad58        0xc d:/programs/simplicitystudio/developer/toolchains/gnu_arm/4.8_2013q4/bin/../lib/gcc/arm-none-eabi/4.8.3/../../../../arm-none-eabi/lib/armv7-m\libstdc++_s.a(class_type_info.o)
                0x0000ad58                typeinfo for __cxxabiv1::__class_type_info
 .rodata._ZTSN10__cxxabiv117__class_type_infoE
                0x0000ad64       0x22 d:/programs/simplicitystudio/developer/toolchains/gnu_arm/4.8_2013q4/bin/../lib/gcc/arm-none-eabi/4.8.3/../../../../arm-none-eabi/lib/armv7-m\libstdc++_s.a(class_type_info.o)
                0x0000ad64                typeinfo name for __cxxabiv1::__class_type_info
 *fill*         0x0000ad86        0x2 
 .rodata._ZTISt9type_info
                0x0000ad88        0x8 d:/programs/simplicitystudio/developer/toolchains/gnu_arm/4.8_2013q4/bin/../lib/gcc/arm-none-eabi/4.8.3/../../../../arm-none-eabi/lib/armv7-m\libstdc++_s.a(tinfo.o)
                0x0000ad88                typeinfo for std::type_info
 .rodata._ZTSSt9type_info
                0x0000ad90        0xd d:/programs/simplicitystudio/developer/toolchains/gnu_arm/4.8_2013q4/bin/../lib/gcc/arm-none-eabi/4.8.3/../../../../arm-none-eabi/lib/armv7-m\libstdc++_s.a(tinfo.o)
                0x0000ad90                typeinfo name for std::type_info
 *fill*         0x0000ad9d        0x3 
 .rodata._ZTVSt9type_info
                0x0000ada0       0x20 d:/programs/simplicitystudio/developer/toolchains/gnu_arm/4.8_2013q4/bin/../lib/gcc/arm-none-eabi/4.8.3/../../../../arm-none-eabi/lib/armv7-m\libstdc++_s.a(tinfo.o)
                0x0000ada0                vtable for std::type_info
 .rodata._ZTVN10__cxxabiv120__si_class_type_infoE
                0x0000adc0       0x30 d:/programs/simplicitystudio/developer/toolchains/gnu_arm/4.8_2013q4/bin/../lib/gcc/arm-none-eabi/4.8.3/../../../../arm-none-eabi/lib/armv7-m\libstdc++_s.a(si_class_type_info.o)
                0x0000adc0                vtable for __cxxabiv1::__si_class_type_info
 .rodata._ZTIN10__cxxabiv120__si_class_type_infoE
                0x0000adf0        0xc d:/programs/simplicitystudio/developer/toolchains/gnu_arm/4.8_2013q4/bin/../lib/gcc/arm-none-eabi/4.8.3/../../../../arm-none-eabi/lib/armv7-m\libstdc++_s.a(si_class_type_info.o)
                0x0000adf0                typeinfo for __cxxabiv1::__si_class_type_info
 .rodata._ZTSN10__cxxabiv120__si_class_type_infoE
                0x0000adfc       0x25 d:/programs/simplicitystudio/developer/toolchains/gnu_arm/4.8_2013q4/bin/../lib/gcc/arm-none-eabi/4.8.3/../../../../arm-none-eabi/lib/armv7-m\libstdc++_s.a(si_class_type_info.o)
                0x0000adfc                typeinfo name for __cxxabiv1::__si_class_type_info
 .rodata.str1.1
                0x0000ae21       0x80 d:/programs/simplicitystudio/developer/toolchains/gnu_arm/4.8_2013q4/bin/../lib/gcc/arm-none-eabi/4.8.3/../../../../arm-none-eabi/lib/armv7-m\libstdc++_s.a(vterminate.o)
 *fill*         0x0000aea1        0x3 
 .rodata        0x0000aea4      0x738 d:/programs/simplicitystudio/developer/toolchains/gnu_arm/4.8_2013q4/bin/../lib/gcc/arm-none-eabi/4.8.3/../../../../arm-none-eabi/lib/armv7-m\libstdc++_s.a(cp-demangle.o)
 .rodata.str1.4
                0x0000b5dc      0x7f4 d:/programs/simplicitystudio/developer/toolchains/gnu_arm/4.8_2013q4/bin/../lib/gcc/arm-none-eabi/4.8.3/../../../../arm-none-eabi/lib/armv7-m\libstdc++_s.a(cp-demangle.o)
                                0x840 (size before relaxing)
 .rodata.str1.1
                0x0000bdd0        0x2 d:/programs/simplicitystudio/developer/toolchains/gnu_arm/4.8_2013q4/bin/../lib/gcc/arm-none-eabi/4.8.3/../../../../arm-none-eabi/lib/armv7-m\libc_s.a(lib_a-impure.o)
 *fill*         0x0000bdd2        0x2 
 .rodata._global_impure_ptr
                0x0000bdd4        0x4 d:/programs/simplicitystudio/developer/toolchains/gnu_arm/4.8_2013q4/bin/../lib/gcc/arm-none-eabi/4.8.3/../../../../arm-none-eabi/lib/armv7-m\libc_s.a(lib_a-impure.o)
                0x0000bdd4                _global_impure_ptr
 .rodata.str1.1
                0x0000bdd8       0x11 d:/programs/simplicitystudio/developer/toolchains/gnu_arm/4.8_2013q4/bin/../lib/gcc/arm-none-eabi/4.8.3/../../../../arm-none-eabi/lib/armv7-m\libc_s.a(lib_a-svfprintf.o)
 .rodata.str1.1
                0x0000bde9       0x22 d:/programs/simplicitystudio/developer/toolchains/gnu_arm/4.8_2013q4/bin/../lib/gcc/arm-none-eabi/4.8.3/../../../../arm-none-eabi/lib/armv7-m\libc_s.a(lib_a-vfprintf_i.o)
 *fill*         0x0000be0b        0x1 
 .rodata.__sf_fake_stdin
                0x0000be0c       0x20 d:/programs/simplicitystudio/developer/toolchains/gnu_arm/4.8_2013q4/bin/../lib/gcc/arm-none-eabi/4.8.3/../../../../arm-none-eabi/lib/armv7-m\libc_s.a(lib_a-findfp.o)
                0x0000be0c                __sf_fake_stdin
 .rodata.__sf_fake_stdout
                0x0000be2c       0x20 d:/programs/simplicitystudio/developer/toolchains/gnu_arm/4.8_2013q4/bin/../lib/gcc/arm-none-eabi/4.8.3/../../../../arm-none-eabi/lib/armv7-m\libc_s.a(lib_a-findfp.o)
                0x0000be2c                __sf_fake_stdout
 .rodata.__sf_fake_stderr
                0x0000be4c       0x20 d:/programs/simplicitystudio/developer/toolchains/gnu_arm/4.8_2013q4/bin/../lib/gcc/arm-none-eabi/4.8.3/../../../../arm-none-eabi/lib/armv7-m\libc_s.a(lib_a-findfp.o)
                0x0000be4c                __sf_fake_stderr
 *(.eh_frame*)
 .eh_frame      0x0000be6c        0x0 d:/programs/simplicitystudio/developer/toolchains/gnu_arm/4.8_2013q4/bin/../lib/gcc/arm-none-eabi/4.8.3/armv7-m/crtbegin.o
 .eh_frame      0x0000be6c        0x4 d:/programs/simplicitystudio/developer/toolchains/gnu_arm/4.8_2013q4/bin/../lib/gcc/arm-none-eabi/4.8.3/armv7-m/crtend.o

.glue_7         0x0000be70        0x0
 .glue_7        0x00000000        0x0 linker stubs

.glue_7t        0x0000be70        0x0
 .glue_7t       0x00000000        0x0 linker stubs

.vfp11_veneer   0x0000be70        0x0
 .vfp11_veneer  0x00000000        0x0 linker stubs

.v4_bx          0x0000be70        0x0
 .v4_bx         0x00000000        0x0 linker stubs

.iplt           0x0000be70        0x0
 .iplt          0x00000000        0x0 d:/programs/simplicitystudio/developer/toolchains/gnu_arm/4.8_2013q4/bin/../lib/gcc/arm-none-eabi/4.8.3/armv7-m/crtbegin.o

.ARM.extab      0x0000be70       0x6c
 *(.ARM.extab* .gnu.linkonce.armextab.*)
 .ARM.extab.text._Z12leTimerSetupv
                0x0000be70       0x18 ./src/leTimer.o
 .ARM.extab.text.CHIP_Init
                0x0000be88       0x18 ./src/main.o
 .ARM.extab.text._Z8rtcSetupv
                0x0000bea0       0x18 ./src/rtc.o
 .ARM.extab     0x0000beb8        0xc d:/programs/simplicitystudio/developer/toolchains/gnu_arm/4.8_2013q4/bin/../lib/gcc/arm-none-eabi/4.8.3/armv7-m\libgcc.a(unwind-arm.o)
 .ARM.extab     0x0000bec4       0x18 d:/programs/simplicitystudio/developer/toolchains/gnu_arm/4.8_2013q4/bin/../lib/gcc/arm-none-eabi/4.8.3/armv7-m\libgcc.a(pr-support.o)
                0x0000bedc                __exidx_start = .

.ARM.exidx      0x0000bedc      0x118
 *(.ARM.exidx* .gnu.linkonce.armexidx.*)
 .ARM.exidx     0x0000bedc        0x8 d:/programs/simplicitystudio/developer/toolchains/gnu_arm/4.8_2013q4/bin/../lib/gcc/arm-none-eabi/4.8.3/../../../../arm-none-eabi/lib/armv7-m/crt0.o
 .ARM.exidx.text.NVIC_EnableIRQ
                0x0000bee4        0x0 ./src/gpio.o
                                  0x8 (size before relaxing)
 .ARM.exidx.text.NVIC_ClearPendingIRQ
                0x0000bee4        0x0 ./src/gpio.o
                                  0x8 (size before relaxing)
 .ARM.exidx.text.GPIO_PinOutSet
                0x0000bee4        0x0 ./src/gpio.o
                                  0x8 (size before relaxing)
 .ARM.exidx.text._Z9gpioSetupv
                0x0000bee4        0x8 ./src/gpio.o
 .ARM.exidx.text.RTC_IntClear
                0x0000beec        0x8 ./src/interruptHandlers.o
 .ARM.exidx.text.LETIMER_IntClear
                0x0000bef4        0x0 ./src/interruptHandlers.o
                                  0x8 (size before relaxing)
 .ARM.exidx.text.GPIO_PinOutToggle
                0x0000bef4        0x0 ./src/interruptHandlers.o
                                  0x8 (size before relaxing)
 .ARM.exidx.text.RTC_IRQHandler
                0x0000bef4        0x0 ./src/interruptHandlers.o
                                  0x8 (size before relaxing)
 .ARM.exidx.text.LETIMER0_IRQHandler
                0x0000bef4        0x8 ./src/interruptHandlers.o
 .ARM.exidx.text.GPIO_EVEN_IRQHandler
                0x0000befc        0x8 ./src/interruptHandlers.o
 .ARM.exidx.text.NVIC_EnableIRQ
                0x0000bf04        0x0 ./src/leTimer.o
                                  0x8 (size before relaxing)
 .ARM.exidx.text.LETIMER_IntEnable
                0x0000bf04        0x0 ./src/leTimer.o
                                  0x8 (size before relaxing)
 .ARM.exidx.text._Z12leTimerSetupv
                0x0000bf04        0x8 ./src/leTimer.o
 .ARM.exidx.text.CHIP_Init
                0x0000bf0c        0x8 ./src/main.o
 .ARM.exidx.text.main
                0x0000bf14        0x8 ./src/main.o
 .ARM.exidx.text.NVIC_EnableIRQ
                0x0000bf1c        0x8 ./src/rtc.o
 .ARM.exidx.text.RTC_IntEnable
                0x0000bf24        0x0 ./src/rtc.o
                                  0x8 (size before relaxing)
 .ARM.exidx.text._Z8rtcSetupv
                0x0000bf24       0x10 ./src/rtc.o
                                  0x8 (size before relaxing)
 .ARM.exidx     0x0000bf34       0x88 d:/programs/simplicitystudio/developer/toolchains/gnu_arm/4.8_2013q4/bin/../lib/gcc/arm-none-eabi/4.8.3/armv7-m\libgcc.a(unwind-arm.o)
                                 0xd8 (size before relaxing)
 .ARM.exidx     0x0000bfbc       0x38 d:/programs/simplicitystudio/developer/toolchains/gnu_arm/4.8_2013q4/bin/../lib/gcc/arm-none-eabi/4.8.3/armv7-m\libgcc.a(pr-support.o)
                                 0x48 (size before relaxing)
                0x0000bff4                __exidx_end = .
                0x0000bff4                __etext = .

.rel.dyn        0x0000bff4        0x0
 .rel.iplt      0x00000000        0x0 d:/programs/simplicitystudio/developer/toolchains/gnu_arm/4.8_2013q4/bin/../lib/gcc/arm-none-eabi/4.8.3/armv7-m/crtbegin.o

.data           0x20000000       0x90 load address 0x0000bff4
                0x20000000                __data_start__ = .
 *(vtable)
 *(.data*)
 .data.sentence
                0x20000000       0x10 ./src/interruptHandlers.o
                0x20000000                sentence
 .data.SystemHFXOClock
                0x20000010        0x4 ./CMSIS/efm32gg/system_efm32gg.o
 .data.SystemLFXOClock
                0x20000014        0x4 ./CMSIS/efm32gg/system_efm32gg.o
 .data._ZN10__cxxabiv120__unexpected_handlerE
                0x20000018        0x4 d:/programs/simplicitystudio/developer/toolchains/gnu_arm/4.8_2013q4/bin/../lib/gcc/arm-none-eabi/4.8.3/../../../../arm-none-eabi/lib/armv7-m\libstdc++_s.a(eh_unex_handler.o)
                0x20000018                __cxxabiv1::__unexpected_handler
 .data._ZN10__cxxabiv119__terminate_handlerE
                0x2000001c        0x4 d:/programs/simplicitystudio/developer/toolchains/gnu_arm/4.8_2013q4/bin/../lib/gcc/arm-none-eabi/4.8.3/../../../../arm-none-eabi/lib/armv7-m\libstdc++_s.a(eh_term_handler.o)
                0x2000001c                __cxxabiv1::__terminate_handler
 .data.impure_data
                0x20000020       0x60 d:/programs/simplicitystudio/developer/toolchains/gnu_arm/4.8_2013q4/bin/../lib/gcc/arm-none-eabi/4.8.3/../../../../arm-none-eabi/lib/armv7-m\libc_s.a(lib_a-impure.o)
 .data._impure_ptr
                0x20000080        0x4 d:/programs/simplicitystudio/developer/toolchains/gnu_arm/4.8_2013q4/bin/../lib/gcc/arm-none-eabi/4.8.3/../../../../arm-none-eabi/lib/armv7-m\libc_s.a(lib_a-impure.o)
                0x20000080                _impure_ptr
                0x20000084                . = ALIGN (0x4)
 *(.ram)
                0x20000084                . = ALIGN (0x4)
                0x20000084                PROVIDE (__preinit_array_start, .)
 *(.preinit_array)
                0x20000084                PROVIDE (__preinit_array_end, .)
                0x20000084                . = ALIGN (0x4)
                0x20000084                PROVIDE (__init_array_start, .)
 *(SORT(.init_array.*))
 *(.init_array)
 .init_array    0x20000084        0x4 d:/programs/simplicitystudio/developer/toolchains/gnu_arm/4.8_2013q4/bin/../lib/gcc/arm-none-eabi/4.8.3/armv7-m/crtbegin.o
                0x20000088                PROVIDE (__init_array_end, .)
                0x20000088                . = ALIGN (0x4)
                0x20000088                PROVIDE (__fini_array_start, .)
 *(SORT(.fini_array.*))
 *(.fini_array)
 .fini_array    0x20000088        0x4 d:/programs/simplicitystudio/developer/toolchains/gnu_arm/4.8_2013q4/bin/../lib/gcc/arm-none-eabi/4.8.3/armv7-m/crtbegin.o
                0x2000008c                PROVIDE (__fini_array_end, .)
 *(.jcr*)
 .jcr           0x2000008c        0x0 d:/programs/simplicitystudio/developer/toolchains/gnu_arm/4.8_2013q4/bin/../lib/gcc/arm-none-eabi/4.8.3/armv7-m/crtbegin.o
 .jcr           0x2000008c        0x4 d:/programs/simplicitystudio/developer/toolchains/gnu_arm/4.8_2013q4/bin/../lib/gcc/arm-none-eabi/4.8.3/armv7-m/crtend.o
                0x20000090                . = ALIGN (0x4)
                0x20000090                __data_end__ = .

.igot.plt       0x20000090        0x0 load address 0x0000c084
 .igot.plt      0x00000000        0x0 d:/programs/simplicitystudio/developer/toolchains/gnu_arm/4.8_2013q4/bin/../lib/gcc/arm-none-eabi/4.8.3/armv7-m/crtbegin.o

.bss            0x20000090       0x48 load address 0x0000c084
                0x20000090                . = ALIGN (0x4)
                0x20000090                __bss_start__ = .
 *(.bss*)
 .bss           0x20000090       0x1c d:/programs/simplicitystudio/developer/toolchains/gnu_arm/4.8_2013q4/bin/../lib/gcc/arm-none-eabi/4.8.3/armv7-m/crtbegin.o
 .bss.wordPtr   0x200000ac        0x4 ./src/interruptHandlers.o
                0x200000ac                wordPtr
 .bss.cmuStatus
                0x200000b0        0x4 ./emlib/em_emu.o
 .bss._ZL10eh_globals
                0x200000b4        0xc d:/programs/simplicitystudio/developer/toolchains/gnu_arm/4.8_2013q4/bin/../lib/gcc/arm-none-eabi/4.8.3/../../../../arm-none-eabi/lib/armv7-m\libstdc++_s.a(eh_globals.o)
 .bss._ZZN9__gnu_cxx27__verbose_terminate_handlerEvE11terminating
                0x200000c0        0x1 d:/programs/simplicitystudio/developer/toolchains/gnu_arm/4.8_2013q4/bin/../lib/gcc/arm-none-eabi/4.8.3/../../../../arm-none-eabi/lib/armv7-m\libstdc++_s.a(vterminate.o)
 *fill*         0x200000c1        0x3 
 .bss.__malloc_sbrk_start
                0x200000c4        0x4 d:/programs/simplicitystudio/developer/toolchains/gnu_arm/4.8_2013q4/bin/../lib/gcc/arm-none-eabi/4.8.3/../../../../arm-none-eabi/lib/armv7-m\libc_s.a(lib_a-nano-mallocr.o)
                0x200000c4                __malloc_sbrk_start
 .bss.__malloc_free_list
                0x200000c8        0x4 d:/programs/simplicitystudio/developer/toolchains/gnu_arm/4.8_2013q4/bin/../lib/gcc/arm-none-eabi/4.8.3/../../../../arm-none-eabi/lib/armv7-m\libc_s.a(lib_a-nano-mallocr.o)
                0x200000c8                __malloc_free_list
 .bss.heap_end.4237
                0x200000cc        0x4 d:/programs/simplicitystudio/developer/toolchains/gnu_arm/4.8_2013q4/bin/../lib/gcc/arm-none-eabi/4.8.3/../../../../arm-none-eabi/lib/armv7-m\libnosys.a(sbrk.o)
 *(COMMON)
 COMMON         0x200000d0        0x4 ./CMSIS/efm32gg/system_efm32gg.o
                0x200000d0                SystemCoreClock
 COMMON         0x200000d4        0x4 d:/programs/simplicitystudio/developer/toolchains/gnu_arm/4.8_2013q4/bin/../lib/gcc/arm-none-eabi/4.8.3/../../../../arm-none-eabi/lib/armv7-m\libc_s.a(lib_a-reent.o)
                0x200000d4                errno
                0x200000d8                . = ALIGN (0x4)
                0x200000d8                __bss_end__ = .

.heap           0x200000d8      0xc00
                0x200000d8                __HeapBase = .
                0x200000d8                __end__ = .
                0x200000d8                end = __end__
                0x200000d8                _end = __end__
 *(.heap*)
 .heap          0x200000d8      0xc00 ./CMSIS/efm32gg/startup_efm32gg.o
                0x20000cd8                __HeapLimit = .

.stack_dummy    0x200000d8      0x400
 *(.stack*)
 .stack         0x200000d8      0x400 ./CMSIS/efm32gg/startup_efm32gg.o
                0x20020000                __StackTop = (ORIGIN (RAM) + 0x20000)
                0x2001fc00                __StackLimit = (__StackTop - SIZEOF (.stack_dummy))
                0x20020000                PROVIDE (__stack, __StackTop)
                0x00000001                ASSERT ((__StackLimit >= __HeapLimit), region RAM overflowed with stack)
                0x00000001                ASSERT ((0x100000 >= (__etext + SIZEOF (.data))), FLASH memory overflowed !)
OUTPUT(PillDispenser.axf elf32-littlearm)

.ARM.attributes
                0x00000000       0x29
 .ARM.attributes
                0x00000000       0x1d d:/programs/simplicitystudio/developer/toolchains/gnu_arm/4.8_2013q4/bin/../lib/gcc/arm-none-eabi/4.8.3/armv7-m/crti.o
 .ARM.attributes
                0x0000001d       0x2d d:/programs/simplicitystudio/developer/toolchains/gnu_arm/4.8_2013q4/bin/../lib/gcc/arm-none-eabi/4.8.3/armv7-m/crtbegin.o
 .ARM.attributes
                0x0000004a       0x1b d:/programs/simplicitystudio/developer/toolchains/gnu_arm/4.8_2013q4/bin/../lib/gcc/arm-none-eabi/4.8.3/../../../../arm-none-eabi/lib/armv7-m/crt0.o
 .ARM.attributes
                0x00000065       0x33 ./src/gpio.o
 .ARM.attributes
                0x00000098       0x33 ./src/interruptHandlers.o
 .ARM.attributes
                0x000000cb       0x33 ./src/leTimer.o
 .ARM.attributes
                0x000000fe       0x33 ./src/main.o
 .ARM.attributes
                0x00000131       0x33 ./src/rtc.o
 .ARM.attributes
                0x00000164       0x33 ./emlib/em_cmu.o
 .ARM.attributes
                0x00000197       0x33 ./emlib/em_emu.o
 .ARM.attributes
                0x000001ca       0x33 ./emlib/em_gpio.o
 .ARM.attributes
                0x000001fd       0x33 ./emlib/em_lcd.o
 .ARM.attributes
                0x00000230       0x33 ./emlib/em_letimer.o
 .ARM.attributes
                0x00000263       0x33 ./emlib/em_rtc.o
 .ARM.attributes
                0x00000296       0x33 ./emlib/em_system.o
 .ARM.attributes
                0x000002c9       0x33 ./Drivers/segmentlcd.o
 .ARM.attributes
                0x000002fc       0x1b ./CMSIS/efm32gg/startup_efm32gg.o
 .ARM.attributes
                0x00000317       0x33 ./CMSIS/efm32gg/system_efm32gg.o
 .ARM.attributes
                0x0000034a       0x2d d:/programs/simplicitystudio/developer/toolchains/gnu_arm/4.8_2013q4/bin/../lib/gcc/arm-none-eabi/4.8.3/armv7-m\libgcc.a(unwind-arm.o)
 .ARM.attributes
                0x00000377       0x1d d:/programs/simplicitystudio/developer/toolchains/gnu_arm/4.8_2013q4/bin/../lib/gcc/arm-none-eabi/4.8.3/armv7-m\libgcc.a(libunwind.o)
 .ARM.attributes
                0x00000394       0x2d d:/programs/simplicitystudio/developer/toolchains/gnu_arm/4.8_2013q4/bin/../lib/gcc/arm-none-eabi/4.8.3/armv7-m\libgcc.a(pr-support.o)
 .ARM.attributes
                0x000003c1       0x2d d:/programs/simplicitystudio/developer/toolchains/gnu_arm/4.8_2013q4/bin/../lib/gcc/arm-none-eabi/4.8.3/../../../../arm-none-eabi/lib/armv7-m\libstdc++_s.a(eh_arm.o)
 .ARM.attributes
                0x000003ee       0x2d d:/programs/simplicitystudio/developer/toolchains/gnu_arm/4.8_2013q4/bin/../lib/gcc/arm-none-eabi/4.8.3/../../../../arm-none-eabi/lib/armv7-m\libstdc++_s.a(eh_globals.o)
 .ARM.attributes
                0x0000041b       0x2d d:/programs/simplicitystudio/developer/toolchains/gnu_arm/4.8_2013q4/bin/../lib/gcc/arm-none-eabi/4.8.3/../../../../arm-none-eabi/lib/armv7-m\libstdc++_s.a(eh_exception.o)
 .ARM.attributes
                0x00000448       0x2d d:/programs/simplicitystudio/developer/toolchains/gnu_arm/4.8_2013q4/bin/../lib/gcc/arm-none-eabi/4.8.3/../../../../arm-none-eabi/lib/armv7-m\libstdc++_s.a(del_op.o)
 .ARM.attributes
                0x00000475       0x2d d:/programs/simplicitystudio/developer/toolchains/gnu_arm/4.8_2013q4/bin/../lib/gcc/arm-none-eabi/4.8.3/../../../../arm-none-eabi/lib/armv7-m\libstdc++_s.a(class_type_info.o)
 .ARM.attributes
                0x000004a2       0x2d d:/programs/simplicitystudio/developer/toolchains/gnu_arm/4.8_2013q4/bin/../lib/gcc/arm-none-eabi/4.8.3/../../../../arm-none-eabi/lib/armv7-m\libstdc++_s.a(eh_terminate.o)
 .ARM.attributes
                0x000004cf       0x2d d:/programs/simplicitystudio/developer/toolchains/gnu_arm/4.8_2013q4/bin/../lib/gcc/arm-none-eabi/4.8.3/../../../../arm-none-eabi/lib/armv7-m\libstdc++_s.a(tinfo.o)
 .ARM.attributes
                0x000004fc       0x2d d:/programs/simplicitystudio/developer/toolchains/gnu_arm/4.8_2013q4/bin/../lib/gcc/arm-none-eabi/4.8.3/../../../../arm-none-eabi/lib/armv7-m\libstdc++_s.a(eh_unex_handler.o)
 .ARM.attributes
                0x00000529       0x2d d:/programs/simplicitystudio/developer/toolchains/gnu_arm/4.8_2013q4/bin/../lib/gcc/arm-none-eabi/4.8.3/../../../../arm-none-eabi/lib/armv7-m\libstdc++_s.a(si_class_type_info.o)
 .ARM.attributes
                0x00000556       0x2d d:/programs/simplicitystudio/developer/toolchains/gnu_arm/4.8_2013q4/bin/../lib/gcc/arm-none-eabi/4.8.3/../../../../arm-none-eabi/lib/armv7-m\libstdc++_s.a(eh_call.o)
 .ARM.attributes
                0x00000583       0x2d d:/programs/simplicitystudio/developer/toolchains/gnu_arm/4.8_2013q4/bin/../lib/gcc/arm-none-eabi/4.8.3/../../../../arm-none-eabi/lib/armv7-m\libstdc++_s.a(eh_catch.o)
 .ARM.attributes
                0x000005b0       0x2d d:/programs/simplicitystudio/developer/toolchains/gnu_arm/4.8_2013q4/bin/../lib/gcc/arm-none-eabi/4.8.3/../../../../arm-none-eabi/lib/armv7-m\libstdc++_s.a(eh_term_handler.o)
 .ARM.attributes
                0x000005dd       0x2d d:/programs/simplicitystudio/developer/toolchains/gnu_arm/4.8_2013q4/bin/../lib/gcc/arm-none-eabi/4.8.3/../../../../arm-none-eabi/lib/armv7-m\libstdc++_s.a(vterminate.o)
 .ARM.attributes
                0x0000060a       0x2d d:/programs/simplicitystudio/developer/toolchains/gnu_arm/4.8_2013q4/bin/../lib/gcc/arm-none-eabi/4.8.3/../../../../arm-none-eabi/lib/armv7-m\libstdc++_s.a(eh_type.o)
 .ARM.attributes
                0x00000637       0x2d d:/programs/simplicitystudio/developer/toolchains/gnu_arm/4.8_2013q4/bin/../lib/gcc/arm-none-eabi/4.8.3/../../../../arm-none-eabi/lib/armv7-m\libstdc++_s.a(cp-demangle.o)
 .ARM.attributes
                0x00000664       0x2d d:/programs/simplicitystudio/developer/toolchains/gnu_arm/4.8_2013q4/bin/../lib/gcc/arm-none-eabi/4.8.3/../../../../arm-none-eabi/lib/armv7-m\libc_s.a(lib_a-abort.o)
 .ARM.attributes
                0x00000691       0x2d d:/programs/simplicitystudio/developer/toolchains/gnu_arm/4.8_2013q4/bin/../lib/gcc/arm-none-eabi/4.8.3/../../../../arm-none-eabi/lib/armv7-m\libc_s.a(lib_a-exit.o)
 .ARM.attributes
                0x000006be       0x2d d:/programs/simplicitystudio/developer/toolchains/gnu_arm/4.8_2013q4/bin/../lib/gcc/arm-none-eabi/4.8.3/../../../../arm-none-eabi/lib/armv7-m\libc_s.a(lib_a-fputs.o)
 .ARM.attributes
                0x000006eb       0x2d d:/programs/simplicitystudio/developer/toolchains/gnu_arm/4.8_2013q4/bin/../lib/gcc/arm-none-eabi/4.8.3/../../../../arm-none-eabi/lib/armv7-m\libc_s.a(lib_a-impure.o)
 .ARM.attributes
                0x00000718       0x2d d:/programs/simplicitystudio/developer/toolchains/gnu_arm/4.8_2013q4/bin/../lib/gcc/arm-none-eabi/4.8.3/../../../../arm-none-eabi/lib/armv7-m\libc_s.a(lib_a-init.o)
 .ARM.attributes
                0x00000745       0x2d d:/programs/simplicitystudio/developer/toolchains/gnu_arm/4.8_2013q4/bin/../lib/gcc/arm-none-eabi/4.8.3/../../../../arm-none-eabi/lib/armv7-m\libc_s.a(lib_a-malloc.o)
 .ARM.attributes
                0x00000772       0x2d d:/programs/simplicitystudio/developer/toolchains/gnu_arm/4.8_2013q4/bin/../lib/gcc/arm-none-eabi/4.8.3/../../../../arm-none-eabi/lib/armv7-m\libc_s.a(lib_a-memcmp.o)
 .ARM.attributes
                0x0000079f       0x2d d:/programs/simplicitystudio/developer/toolchains/gnu_arm/4.8_2013q4/bin/../lib/gcc/arm-none-eabi/4.8.3/../../../../arm-none-eabi/lib/armv7-m\libc_s.a(lib_a-memcpy-stub.o)
 .ARM.attributes
                0x000007cc       0x2d d:/programs/simplicitystudio/developer/toolchains/gnu_arm/4.8_2013q4/bin/../lib/gcc/arm-none-eabi/4.8.3/../../../../arm-none-eabi/lib/armv7-m\libc_s.a(lib_a-memset.o)
 .ARM.attributes
                0x000007f9       0x2d d:/programs/simplicitystudio/developer/toolchains/gnu_arm/4.8_2013q4/bin/../lib/gcc/arm-none-eabi/4.8.3/../../../../arm-none-eabi/lib/armv7-m\libc_s.a(lib_a-nano-freer.o)
 .ARM.attributes
                0x00000826       0x2d d:/programs/simplicitystudio/developer/toolchains/gnu_arm/4.8_2013q4/bin/../lib/gcc/arm-none-eabi/4.8.3/../../../../arm-none-eabi/lib/armv7-m\libc_s.a(lib_a-nano-mallocr.o)
 .ARM.attributes
                0x00000853       0x2d d:/programs/simplicitystudio/developer/toolchains/gnu_arm/4.8_2013q4/bin/../lib/gcc/arm-none-eabi/4.8.3/../../../../arm-none-eabi/lib/armv7-m\libc_s.a(lib_a-realloc.o)
 .ARM.attributes
                0x00000880       0x2d d:/programs/simplicitystudio/developer/toolchains/gnu_arm/4.8_2013q4/bin/../lib/gcc/arm-none-eabi/4.8.3/../../../../arm-none-eabi/lib/armv7-m\libc_s.a(lib_a-sbrkr.o)
 .ARM.attributes
                0x000008ad       0x2d d:/programs/simplicitystudio/developer/toolchains/gnu_arm/4.8_2013q4/bin/../lib/gcc/arm-none-eabi/4.8.3/../../../../arm-none-eabi/lib/armv7-m\libc_s.a(lib_a-signal.o)
 .ARM.attributes
                0x000008da       0x2d d:/programs/simplicitystudio/developer/toolchains/gnu_arm/4.8_2013q4/bin/../lib/gcc/arm-none-eabi/4.8.3/../../../../arm-none-eabi/lib/armv7-m\libc_s.a(lib_a-signalr.o)
 .ARM.attributes
                0x00000907       0x2d d:/programs/simplicitystudio/developer/toolchains/gnu_arm/4.8_2013q4/bin/../lib/gcc/arm-none-eabi/4.8.3/../../../../arm-none-eabi/lib/armv7-m\libc_s.a(lib_a-sprintf.o)
 .ARM.attributes
                0x00000934       0x1b d:/programs/simplicitystudio/developer/toolchains/gnu_arm/4.8_2013q4/bin/../lib/gcc/arm-none-eabi/4.8.3/../../../../arm-none-eabi/lib/armv7-m\libc_s.a(lib_a-strcmp.o)
 .ARM.attributes
                0x0000094f       0x2d d:/programs/simplicitystudio/developer/toolchains/gnu_arm/4.8_2013q4/bin/../lib/gcc/arm-none-eabi/4.8.3/../../../../arm-none-eabi/lib/armv7-m\libc_s.a(lib_a-strlen.o)
 .ARM.attributes
                0x0000097c       0x2d d:/programs/simplicitystudio/developer/toolchains/gnu_arm/4.8_2013q4/bin/../lib/gcc/arm-none-eabi/4.8.3/../../../../arm-none-eabi/lib/armv7-m\libc_s.a(lib_a-strncmp.o)
 .ARM.attributes
                0x000009a9       0x2d d:/programs/simplicitystudio/developer/toolchains/gnu_arm/4.8_2013q4/bin/../lib/gcc/arm-none-eabi/4.8.3/../../../../arm-none-eabi/lib/armv7-m\libc_s.a(lib_a-svfprintf.o)
 .ARM.attributes
                0x000009d6       0x2d d:/programs/simplicitystudio/developer/toolchains/gnu_arm/4.8_2013q4/bin/../lib/gcc/arm-none-eabi/4.8.3/../../../../arm-none-eabi/lib/armv7-m\libc_s.a(lib_a-vfprintf_i.o)
 .ARM.attributes
                0x00000a03       0x2d d:/programs/simplicitystudio/developer/toolchains/gnu_arm/4.8_2013q4/bin/../lib/gcc/arm-none-eabi/4.8.3/../../../../arm-none-eabi/lib/armv7-m\libc_s.a(lib_a-wbuf.o)
 .ARM.attributes
                0x00000a30       0x2d d:/programs/simplicitystudio/developer/toolchains/gnu_arm/4.8_2013q4/bin/../lib/gcc/arm-none-eabi/4.8.3/../../../../arm-none-eabi/lib/armv7-m\libc_s.a(lib_a-writer.o)
 .ARM.attributes
                0x00000a5d       0x2d d:/programs/simplicitystudio/developer/toolchains/gnu_arm/4.8_2013q4/bin/../lib/gcc/arm-none-eabi/4.8.3/../../../../arm-none-eabi/lib/armv7-m\libc_s.a(lib_a-wsetup.o)
 .ARM.attributes
                0x00000a8a       0x2d d:/programs/simplicitystudio/developer/toolchains/gnu_arm/4.8_2013q4/bin/../lib/gcc/arm-none-eabi/4.8.3/../../../../arm-none-eabi/lib/armv7-m\libc_s.a(lib_a-fflush.o)
 .ARM.attributes
                0x00000ab7       0x2d d:/programs/simplicitystudio/developer/toolchains/gnu_arm/4.8_2013q4/bin/../lib/gcc/arm-none-eabi/4.8.3/../../../../arm-none-eabi/lib/armv7-m\libc_s.a(lib_a-findfp.o)
 .ARM.attributes
                0x00000ae4       0x2d d:/programs/simplicitystudio/developer/toolchains/gnu_arm/4.8_2013q4/bin/../lib/gcc/arm-none-eabi/4.8.3/../../../../arm-none-eabi/lib/armv7-m\libc_s.a(lib_a-makebuf.o)
 .ARM.attributes
                0x00000b11       0x2d d:/programs/simplicitystudio/developer/toolchains/gnu_arm/4.8_2013q4/bin/../lib/gcc/arm-none-eabi/4.8.3/../../../../arm-none-eabi/lib/armv7-m\libc_s.a(lib_a-memchr-stub.o)
 .ARM.attributes
                0x00000b3e       0x2d d:/programs/simplicitystudio/developer/toolchains/gnu_arm/4.8_2013q4/bin/../lib/gcc/arm-none-eabi/4.8.3/../../../../arm-none-eabi/lib/armv7-m\libc_s.a(lib_a-memmove.o)
 .ARM.attributes
                0x00000b6b       0x2d d:/programs/simplicitystudio/developer/toolchains/gnu_arm/4.8_2013q4/bin/../lib/gcc/arm-none-eabi/4.8.3/../../../../arm-none-eabi/lib/armv7-m\libc_s.a(lib_a-nano-reallocr.o)
 .ARM.attributes
                0x00000b98       0x2d d:/programs/simplicitystudio/developer/toolchains/gnu_arm/4.8_2013q4/bin/../lib/gcc/arm-none-eabi/4.8.3/../../../../arm-none-eabi/lib/armv7-m\libc_s.a(lib_a-reent.o)
 .ARM.attributes
                0x00000bc5       0x2d d:/programs/simplicitystudio/developer/toolchains/gnu_arm/4.8_2013q4/bin/../lib/gcc/arm-none-eabi/4.8.3/../../../../arm-none-eabi/lib/armv7-m\libc_s.a(lib_a-stdio.o)
 .ARM.attributes
                0x00000bf2       0x2d d:/programs/simplicitystudio/developer/toolchains/gnu_arm/4.8_2013q4/bin/../lib/gcc/arm-none-eabi/4.8.3/../../../../arm-none-eabi/lib/armv7-m\libc_s.a(lib_a-closer.o)
 .ARM.attributes
                0x00000c1f       0x2d d:/programs/simplicitystudio/developer/toolchains/gnu_arm/4.8_2013q4/bin/../lib/gcc/arm-none-eabi/4.8.3/../../../../arm-none-eabi/lib/armv7-m\libc_s.a(lib_a-fstatr.o)
 .ARM.attributes
                0x00000c4c       0x2d d:/programs/simplicitystudio/developer/toolchains/gnu_arm/4.8_2013q4/bin/../lib/gcc/arm-none-eabi/4.8.3/../../../../arm-none-eabi/lib/armv7-m\libc_s.a(lib_a-isattyr.o)
 .ARM.attributes
                0x00000c79       0x2d d:/programs/simplicitystudio/developer/toolchains/gnu_arm/4.8_2013q4/bin/../lib/gcc/arm-none-eabi/4.8.3/../../../../arm-none-eabi/lib/armv7-m\libc_s.a(lib_a-lseekr.o)
 .ARM.attributes
                0x00000ca6       0x2d d:/programs/simplicitystudio/developer/toolchains/gnu_arm/4.8_2013q4/bin/../lib/gcc/arm-none-eabi/4.8.3/../../../../arm-none-eabi/lib/armv7-m\libc_s.a(lib_a-nano-msizer.o)
 .ARM.attributes
                0x00000cd3       0x2d d:/programs/simplicitystudio/developer/toolchains/gnu_arm/4.8_2013q4/bin/../lib/gcc/arm-none-eabi/4.8.3/../../../../arm-none-eabi/lib/armv7-m\libc_s.a(lib_a-readr.o)
 .ARM.attributes
                0x00000d00       0x2d d:/programs/simplicitystudio/developer/toolchains/gnu_arm/4.8_2013q4/bin/../lib/gcc/arm-none-eabi/4.8.3/../../../../arm-none-eabi/lib/armv7-m\libnosys.a(close.o)
 .ARM.attributes
                0x00000d2d       0x2d d:/programs/simplicitystudio/developer/toolchains/gnu_arm/4.8_2013q4/bin/../lib/gcc/arm-none-eabi/4.8.3/../../../../arm-none-eabi/lib/armv7-m\libnosys.a(fstat.o)
 .ARM.attributes
                0x00000d5a       0x2d d:/programs/simplicitystudio/developer/toolchains/gnu_arm/4.8_2013q4/bin/../lib/gcc/arm-none-eabi/4.8.3/../../../../arm-none-eabi/lib/armv7-m\libnosys.a(getpid.o)
 .ARM.attributes
                0x00000d87       0x2d d:/programs/simplicitystudio/developer/toolchains/gnu_arm/4.8_2013q4/bin/../lib/gcc/arm-none-eabi/4.8.3/../../../../arm-none-eabi/lib/armv7-m\libnosys.a(isatty.o)
 .ARM.attributes
                0x00000db4       0x2d d:/programs/simplicitystudio/developer/toolchains/gnu_arm/4.8_2013q4/bin/../lib/gcc/arm-none-eabi/4.8.3/../../../../arm-none-eabi/lib/armv7-m\libnosys.a(kill.o)
 .ARM.attributes
                0x00000de1       0x2d d:/programs/simplicitystudio/developer/toolchains/gnu_arm/4.8_2013q4/bin/../lib/gcc/arm-none-eabi/4.8.3/../../../../arm-none-eabi/lib/armv7-m\libnosys.a(lseek.o)
 .ARM.attributes
                0x00000e0e       0x2d d:/programs/simplicitystudio/developer/toolchains/gnu_arm/4.8_2013q4/bin/../lib/gcc/arm-none-eabi/4.8.3/../../../../arm-none-eabi/lib/armv7-m\libnosys.a(read.o)
 .ARM.attributes
                0x00000e3b       0x2d d:/programs/simplicitystudio/developer/toolchains/gnu_arm/4.8_2013q4/bin/../lib/gcc/arm-none-eabi/4.8.3/../../../../arm-none-eabi/lib/armv7-m\libnosys.a(sbrk.o)
 .ARM.attributes
                0x00000e68       0x2d d:/programs/simplicitystudio/developer/toolchains/gnu_arm/4.8_2013q4/bin/../lib/gcc/arm-none-eabi/4.8.3/../../../../arm-none-eabi/lib/armv7-m\libnosys.a(write.o)
 .ARM.attributes
                0x00000e95       0x2d d:/programs/simplicitystudio/developer/toolchains/gnu_arm/4.8_2013q4/bin/../lib/gcc/arm-none-eabi/4.8.3/../../../../arm-none-eabi/lib/armv7-m\libnosys.a(_exit.o)
 .ARM.attributes
                0x00000ec2       0x2d d:/programs/simplicitystudio/developer/toolchains/gnu_arm/4.8_2013q4/bin/../lib/gcc/arm-none-eabi/4.8.3/armv7-m/crtend.o
 .ARM.attributes
                0x00000eef       0x1d d:/programs/simplicitystudio/developer/toolchains/gnu_arm/4.8_2013q4/bin/../lib/gcc/arm-none-eabi/4.8.3/armv7-m/crtn.o

.comment        0x00000000       0x70
 .comment       0x00000000       0x70 ./src/gpio.o
                                 0x71 (size before relaxing)
 .comment       0x00000000       0x71 ./src/interruptHandlers.o
 .comment       0x00000000       0x71 ./src/leTimer.o
 .comment       0x00000000       0x71 ./src/main.o
 .comment       0x00000000       0x71 ./src/rtc.o
 .comment       0x00000000       0x71 ./emlib/em_cmu.o
 .comment       0x00000000       0x71 ./emlib/em_emu.o
 .comment       0x00000000       0x71 ./emlib/em_gpio.o
 .comment       0x00000000       0x71 ./emlib/em_lcd.o
 .comment       0x00000000       0x71 ./emlib/em_letimer.o
 .comment       0x00000000       0x71 ./emlib/em_rtc.o
 .comment       0x00000000       0x71 ./emlib/em_system.o
 .comment       0x00000000       0x71 ./Drivers/segmentlcd.o
 .comment       0x00000000       0x71 ./CMSIS/efm32gg/system_efm32gg.o

.debug_info     0x00000000     0x6cd3
 .debug_info    0x00000000      0x7d4 ./src/gpio.o
 .debug_info    0x000007d4      0x586 ./src/interruptHandlers.o
 .debug_info    0x00000d5a      0x7b5 ./src/leTimer.o
 .debug_info    0x0000150f      0x151 ./src/main.o
 .debug_info    0x00001660      0x669 ./src/rtc.o
 .debug_info    0x00001cc9     0x11a5 ./emlib/em_cmu.o
 .debug_info    0x00002e6e      0xd7d ./emlib/em_emu.o
 .debug_info    0x00003beb      0x5f3 ./emlib/em_gpio.o
 .debug_info    0x000041de      0xa2c ./emlib/em_lcd.o
 .debug_info    0x00004c0a      0x502 ./emlib/em_letimer.o
 .debug_info    0x0000510c      0x329 ./emlib/em_rtc.o
 .debug_info    0x00005435      0x241 ./emlib/em_system.o
 .debug_info    0x00005676     0x1020 ./Drivers/segmentlcd.o
 .debug_info    0x00006696       0xe0 ./CMSIS/efm32gg/startup_efm32gg.o
 .debug_info    0x00006776      0x55d ./CMSIS/efm32gg/system_efm32gg.o

.debug_abbrev   0x00000000     0x16bd
 .debug_abbrev  0x00000000      0x16a ./src/gpio.o
 .debug_abbrev  0x0000016a      0x166 ./src/interruptHandlers.o
 .debug_abbrev  0x000002d0      0x1ac ./src/leTimer.o
 .debug_abbrev  0x0000047c       0xc5 ./src/main.o
 .debug_abbrev  0x00000541      0x17a ./src/rtc.o
 .debug_abbrev  0x000006bb      0x301 ./emlib/em_cmu.o
 .debug_abbrev  0x000009bc      0x252 ./emlib/em_emu.o
 .debug_abbrev  0x00000c0e      0x1b1 ./emlib/em_gpio.o
 .debug_abbrev  0x00000dbf      0x1c2 ./emlib/em_lcd.o
 .debug_abbrev  0x00000f81      0x1a3 ./emlib/em_letimer.o
 .debug_abbrev  0x00001124      0x196 ./emlib/em_rtc.o
 .debug_abbrev  0x000012ba       0xed ./emlib/em_system.o
 .debug_abbrev  0x000013a7      0x197 ./Drivers/segmentlcd.o
 .debug_abbrev  0x0000153e       0x14 ./CMSIS/efm32gg/startup_efm32gg.o
 .debug_abbrev  0x00001552      0x16b ./CMSIS/efm32gg/system_efm32gg.o

.debug_loc      0x00000000     0x1f24
 .debug_loc     0x00000000       0xe0 ./src/gpio.o
 .debug_loc     0x000000e0      0x12c ./src/interruptHandlers.o
 .debug_loc     0x0000020c      0x10c ./src/leTimer.o
 .debug_loc     0x00000318       0x64 ./src/main.o
 .debug_loc     0x0000037c       0xa8 ./src/rtc.o
 .debug_loc     0x00000424      0x78c ./emlib/em_cmu.o
 .debug_loc     0x00000bb0      0x3b4 ./emlib/em_emu.o
 .debug_loc     0x00000f64      0x230 ./emlib/em_gpio.o
 .debug_loc     0x00001194      0x3b8 ./emlib/em_lcd.o
 .debug_loc     0x0000154c      0x1c0 ./emlib/em_letimer.o
 .debug_loc     0x0000170c      0x1a8 ./emlib/em_rtc.o
 .debug_loc     0x000018b4       0x70 ./emlib/em_system.o
 .debug_loc     0x00001924      0x3ec ./Drivers/segmentlcd.o
 .debug_loc     0x00001d10      0x214 ./CMSIS/efm32gg/system_efm32gg.o

.debug_aranges  0x00000000      0x618
 .debug_aranges
                0x00000000       0x38 ./src/gpio.o
 .debug_aranges
                0x00000038       0x48 ./src/interruptHandlers.o
 .debug_aranges
                0x00000080       0x40 ./src/leTimer.o
 .debug_aranges
                0x000000c0       0x28 ./src/main.o
 .debug_aranges
                0x000000e8       0x30 ./src/rtc.o
 .debug_aranges
                0x00000118      0x138 ./emlib/em_cmu.o
 .debug_aranges
                0x00000250       0xa8 ./emlib/em_emu.o
 .debug_aranges
                0x000002f8       0x68 ./emlib/em_gpio.o
 .debug_aranges
                0x00000360       0xa0 ./emlib/em_lcd.o
 .debug_aranges
                0x00000400       0x58 ./emlib/em_letimer.o
 .debug_aranges
                0x00000458       0x58 ./emlib/em_rtc.o
 .debug_aranges
                0x000004b0       0x28 ./emlib/em_system.o
 .debug_aranges
                0x000004d8       0xb0 ./Drivers/segmentlcd.o
 .debug_aranges
                0x00000588       0x20 ./CMSIS/efm32gg/startup_efm32gg.o
 .debug_aranges
                0x000005a8       0x70 ./CMSIS/efm32gg/system_efm32gg.o

.debug_ranges   0x00000000      0x518
 .debug_ranges  0x00000000       0x28 ./src/gpio.o
 .debug_ranges  0x00000028       0x38 ./src/interruptHandlers.o
 .debug_ranges  0x00000060       0x30 ./src/leTimer.o
 .debug_ranges  0x00000090       0x18 ./src/main.o
 .debug_ranges  0x000000a8       0x20 ./src/rtc.o
 .debug_ranges  0x000000c8      0x128 ./emlib/em_cmu.o
 .debug_ranges  0x000001f0       0x98 ./emlib/em_emu.o
 .debug_ranges  0x00000288       0x58 ./emlib/em_gpio.o
 .debug_ranges  0x000002e0       0x90 ./emlib/em_lcd.o
 .debug_ranges  0x00000370       0x48 ./emlib/em_letimer.o
 .debug_ranges  0x000003b8       0x48 ./emlib/em_rtc.o
 .debug_ranges  0x00000400       0x18 ./emlib/em_system.o
 .debug_ranges  0x00000418       0xa0 ./Drivers/segmentlcd.o
 .debug_ranges  0x000004b8       0x60 ./CMSIS/efm32gg/system_efm32gg.o

.debug_line     0x00000000     0x2ec1
 .debug_line    0x00000000      0x224 ./src/gpio.o
 .debug_line    0x00000224      0x27e ./src/interruptHandlers.o
 .debug_line    0x000004a2      0x237 ./src/leTimer.o
 .debug_line    0x000006d9      0x185 ./src/main.o
 .debug_line    0x0000085e      0x1ff ./src/rtc.o
 .debug_line    0x00000a5d      0x8c6 ./emlib/em_cmu.o
 .debug_line    0x00001323      0x49d ./emlib/em_emu.o
 .debug_line    0x000017c0      0x342 ./emlib/em_gpio.o
 .debug_line    0x00001b02      0x3e8 ./emlib/em_lcd.o
 .debug_line    0x00001eea      0x2bf ./emlib/em_letimer.o
 .debug_line    0x000021a9      0x2ad ./emlib/em_rtc.o
 .debug_line    0x00002456      0x231 ./emlib/em_system.o
 .debug_line    0x00002687      0x4d7 ./Drivers/segmentlcd.o
 .debug_line    0x00002b5e       0xb8 ./CMSIS/efm32gg/startup_efm32gg.o
 .debug_line    0x00002c16      0x2ab ./CMSIS/efm32gg/system_efm32gg.o

.debug_str      0x00000000     0x2b43
 .debug_str     0x00000000      0x96f ./src/gpio.o
                                0xa2b (size before relaxing)
 .debug_str     0x0000096f       0xf6 ./src/interruptHandlers.o
                                0x410 (size before relaxing)